Archive member included to satisfy reference by file (symbol)

c:/st/stm32cubeide_1.7.0/stm32cubeide/plugins/com.st.stm32cube.ide.mcu.externaltools.gnu-tools-for-stm32.9-2020-q2-update.win32_2.0.0.202105311346/tools/bin/../lib/gcc/arm-none-eabi/9.3.1/../../../../arm-none-eabi/lib/thumb/v7e-m+fp/hard\libc_nano.a(lib_a-errno.o)
                              ./Core/Src/syscalls.o (__errno)
c:/st/stm32cubeide_1.7.0/stm32cubeide/plugins/com.st.stm32cube.ide.mcu.externaltools.gnu-tools-for-stm32.9-2020-q2-update.win32_2.0.0.202105311346/tools/bin/../lib/gcc/arm-none-eabi/9.3.1/../../../../arm-none-eabi/lib/thumb/v7e-m+fp/hard\libc_nano.a(lib_a-exit.o)
                              c:/st/stm32cubeide_1.7.0/stm32cubeide/plugins/com.st.stm32cube.ide.mcu.externaltools.gnu-tools-for-stm32.9-2020-q2-update.win32_2.0.0.202105311346/tools/bin/../lib/gcc/arm-none-eabi/9.3.1/../../../../arm-none-eabi/lib/thumb/v7e-m+fp/hard/crt0.o (exit)
c:/st/stm32cubeide_1.7.0/stm32cubeide/plugins/com.st.stm32cube.ide.mcu.externaltools.gnu-tools-for-stm32.9-2020-q2-update.win32_2.0.0.202105311346/tools/bin/../lib/gcc/arm-none-eabi/9.3.1/../../../../arm-none-eabi/lib/thumb/v7e-m+fp/hard\libc_nano.a(lib_a-impure.o)
                              c:/st/stm32cubeide_1.7.0/stm32cubeide/plugins/com.st.stm32cube.ide.mcu.externaltools.gnu-tools-for-stm32.9-2020-q2-update.win32_2.0.0.202105311346/tools/bin/../lib/gcc/arm-none-eabi/9.3.1/../../../../arm-none-eabi/lib/thumb/v7e-m+fp/hard\libc_nano.a(lib_a-exit.o) (_global_impure_ptr)
c:/st/stm32cubeide_1.7.0/stm32cubeide/plugins/com.st.stm32cube.ide.mcu.externaltools.gnu-tools-for-stm32.9-2020-q2-update.win32_2.0.0.202105311346/tools/bin/../lib/gcc/arm-none-eabi/9.3.1/../../../../arm-none-eabi/lib/thumb/v7e-m+fp/hard\libc_nano.a(lib_a-init.o)
                              c:/st/stm32cubeide_1.7.0/stm32cubeide/plugins/com.st.stm32cube.ide.mcu.externaltools.gnu-tools-for-stm32.9-2020-q2-update.win32_2.0.0.202105311346/tools/bin/../lib/gcc/arm-none-eabi/9.3.1/../../../../arm-none-eabi/lib/thumb/v7e-m+fp/hard/crt0.o (__libc_init_array)
c:/st/stm32cubeide_1.7.0/stm32cubeide/plugins/com.st.stm32cube.ide.mcu.externaltools.gnu-tools-for-stm32.9-2020-q2-update.win32_2.0.0.202105311346/tools/bin/../lib/gcc/arm-none-eabi/9.3.1/../../../../arm-none-eabi/lib/thumb/v7e-m+fp/hard\libc_nano.a(lib_a-malloc.o)
                              ./Middlewares/ST/STM32_USB_Device_Library/Class/CDC/Src/usbd_cdc.o (malloc)
c:/st/stm32cubeide_1.7.0/stm32cubeide/plugins/com.st.stm32cube.ide.mcu.externaltools.gnu-tools-for-stm32.9-2020-q2-update.win32_2.0.0.202105311346/tools/bin/../lib/gcc/arm-none-eabi/9.3.1/../../../../arm-none-eabi/lib/thumb/v7e-m+fp/hard\libc_nano.a(lib_a-memset.o)
                              c:/st/stm32cubeide_1.7.0/stm32cubeide/plugins/com.st.stm32cube.ide.mcu.externaltools.gnu-tools-for-stm32.9-2020-q2-update.win32_2.0.0.202105311346/tools/bin/../lib/gcc/arm-none-eabi/9.3.1/../../../../arm-none-eabi/lib/thumb/v7e-m+fp/hard/crt0.o (memset)
c:/st/stm32cubeide_1.7.0/stm32cubeide/plugins/com.st.stm32cube.ide.mcu.externaltools.gnu-tools-for-stm32.9-2020-q2-update.win32_2.0.0.202105311346/tools/bin/../lib/gcc/arm-none-eabi/9.3.1/../../../../arm-none-eabi/lib/thumb/v7e-m+fp/hard\libc_nano.a(lib_a-nano-freer.o)
                              c:/st/stm32cubeide_1.7.0/stm32cubeide/plugins/com.st.stm32cube.ide.mcu.externaltools.gnu-tools-for-stm32.9-2020-q2-update.win32_2.0.0.202105311346/tools/bin/../lib/gcc/arm-none-eabi/9.3.1/../../../../arm-none-eabi/lib/thumb/v7e-m+fp/hard\libc_nano.a(lib_a-malloc.o) (_free_r)
c:/st/stm32cubeide_1.7.0/stm32cubeide/plugins/com.st.stm32cube.ide.mcu.externaltools.gnu-tools-for-stm32.9-2020-q2-update.win32_2.0.0.202105311346/tools/bin/../lib/gcc/arm-none-eabi/9.3.1/../../../../arm-none-eabi/lib/thumb/v7e-m+fp/hard\libc_nano.a(lib_a-nano-mallocr.o)
                              c:/st/stm32cubeide_1.7.0/stm32cubeide/plugins/com.st.stm32cube.ide.mcu.externaltools.gnu-tools-for-stm32.9-2020-q2-update.win32_2.0.0.202105311346/tools/bin/../lib/gcc/arm-none-eabi/9.3.1/../../../../arm-none-eabi/lib/thumb/v7e-m+fp/hard\libc_nano.a(lib_a-malloc.o) (_malloc_r)
c:/st/stm32cubeide_1.7.0/stm32cubeide/plugins/com.st.stm32cube.ide.mcu.externaltools.gnu-tools-for-stm32.9-2020-q2-update.win32_2.0.0.202105311346/tools/bin/../lib/gcc/arm-none-eabi/9.3.1/../../../../arm-none-eabi/lib/thumb/v7e-m+fp/hard\libc_nano.a(lib_a-sbrkr.o)
                              c:/st/stm32cubeide_1.7.0/stm32cubeide/plugins/com.st.stm32cube.ide.mcu.externaltools.gnu-tools-for-stm32.9-2020-q2-update.win32_2.0.0.202105311346/tools/bin/../lib/gcc/arm-none-eabi/9.3.1/../../../../arm-none-eabi/lib/thumb/v7e-m+fp/hard\libc_nano.a(lib_a-nano-mallocr.o) (_sbrk_r)
[...]
Memory Configuration

Name             Origin             Length             Attributes
RAM              0x0000000020000000 0x0000000000040000 xrw
FLASH            0x0000000008000000 0x0000000000080000 xr
*default*        0x0000000000000000 0xffffffffffffffff

Linker script and memory map

LOAD c:/st/stm32cubeide_1.7.0/stm32cubeide/plugins/com.st.stm32cube.ide.mcu.externaltools.gnu-tools-for-stm32.9-2020-q2-update.win32_2.0.0.202105311346/tools/bin/../lib/gcc/arm-none-eabi/9.3.1/thumb/v7e-m+fp/hard/crti.o
LOAD c:/st/stm32cubeide_1.7.0/stm32cubeide/plugins/com.st.stm32cube.ide.mcu.externaltools.gnu-tools-for-stm32.9-2020-q2-update.win32_2.0.0.202105311346/tools/bin/../lib/gcc/arm-none-eabi/9.3.1/thumb/v7e-m+fp/hard/crtbegin.o
LOAD c:/st/stm32cubeide_1.7.0/stm32cubeide/plugins/com.st.stm32cube.ide.mcu.externaltools.gnu-tools-for-stm32.9-2020-q2-update.win32_2.0.0.202105311346/tools/bin/../lib/gcc/arm-none-eabi/9.3.1/../../../../arm-none-eabi/lib/thumb/v7e-m+fp/hard/crt0.o
LOAD ./Core/Src/main.o
LOAD ./Core/Src/st7735.o
LOAD ./Core/Src/st7735_reg.o
LOAD ./Core/Src/stm32f7xx_hal_msp.o
LOAD ./Core/Src/stm32f7xx_it.o
LOAD ./Core/Src/syscalls.o
LOAD ./Core/Src/sysmem.o
LOAD ./Core/Src/system_stm32f7xx.o
LOAD ./Core/Startup/startup_stm32f722zetx.o
LOAD ./Drivers/STM32F7xx_HAL_Driver/Src/stm32f7xx_hal.o
LOAD ./Drivers/STM32F7xx_HAL_Driver/Src/stm32f7xx_hal_cortex.o
LOAD ./Drivers/STM32F7xx_HAL_Driver/Src/stm32f7xx_hal_dma.o
LOAD ./Drivers/STM32F7xx_HAL_Driver/Src/stm32f7xx_hal_dma_ex.o
LOAD ./Drivers/STM32F7xx_HAL_Driver/Src/stm32f7xx_hal_exti.o
LOAD ./Drivers/STM32F7xx_HAL_Driver/Src/stm32f7xx_hal_flash.o
LOAD ./Drivers/STM32F7xx_HAL_Driver/Src/stm32f7xx_hal_flash_ex.o
LOAD ./Drivers/STM32F7xx_HAL_Driver/Src/stm32f7xx_hal_gpio.o
LOAD ./Drivers/STM32F7xx_HAL_Driver/Src/stm32f7xx_hal_i2c.o
LOAD ./Drivers/STM32F7xx_HAL_Driver/Src/stm32f7xx_hal_i2c_ex.o
LOAD ./Drivers/STM32F7xx_HAL_Driver/Src/stm32f7xx_hal_pcd.o
LOAD ./Drivers/STM32F7xx_HAL_Driver/Src/stm32f7xx_hal_pcd_ex.o
LOAD ./Drivers/STM32F7xx_HAL_Driver/Src/stm32f7xx_hal_pwr.o
LOAD ./Drivers/STM32F7xx_HAL_Driver/Src/stm32f7xx_hal_pwr_ex.o
LOAD ./Drivers/STM32F7xx_HAL_Driver/Src/stm32f7xx_hal_rcc.o
LOAD ./Drivers/STM32F7xx_HAL_Driver/Src/stm32f7xx_hal_rcc_ex.o
LOAD ./Drivers/STM32F7xx_HAL_Driver/Src/stm32f7xx_hal_spi.o
LOAD ./Drivers/STM32F7xx_HAL_Driver/Src/stm32f7xx_hal_spi_ex.o
LOAD ./Drivers/STM32F7xx_HAL_Driver/Src/stm32f7xx_hal_tim.o
LOAD ./Drivers/STM32F7xx_HAL_Driver/Src/stm32f7xx_hal_tim_ex.o
LOAD ./Drivers/STM32F7xx_HAL_Driver/Src/stm32f7xx_hal_uart.o
LOAD ./Drivers/STM32F7xx_HAL_Driver/Src/stm32f7xx_hal_uart_ex.o
LOAD ./Drivers/STM32F7xx_HAL_Driver/Src/stm32f7xx_ll_usb.o
LOAD ./Middlewares/ST/STM32_USB_Device_Library/Class/CDC/Src/usbd_cdc.o
LOAD ./Middlewares/ST/STM32_USB_Device_Library/Core/Src/usbd_core.o
LOAD ./Middlewares/ST/STM32_USB_Device_Library/Core/Src/usbd_ctlreq.o
LOAD ./Middlewares/ST/STM32_USB_Device_Library/Core/Src/usbd_ioreq.o
LOAD ./USB_DEVICE/App/usb_device.o
LOAD ./USB_DEVICE/App/usbd_cdc_if.o
LOAD ./USB_DEVICE/App/usbd_desc.o
LOAD ./USB_DEVICE/Target/usbd_conf.o
START GROUP
LOAD c:/st/stm32cubeide_1.7.0/stm32cubeide/plugins/com.st.stm32cube.ide.mcu.externaltools.gnu-tools-for-stm32.9-2020-q2-update.win32_2.0.0.202105311346/tools/bin/../lib/gcc/arm-none-eabi/9.3.1/../../../../arm-none-eabi/lib/thumb/v7e-m+fp/hard\libc_nano.a
LOAD c:/st/stm32cubeide_1.7.0/stm32cubeide/plugins/com.st.stm32cube.ide.mcu.externaltools.gnu-tools-for-stm32.9-2020-q2-update.win32_2.0.0.202105311346/tools/bin/../lib/gcc/arm-none-eabi/9.3.1/../../../../arm-none-eabi/lib/thumb/v7e-m+fp/hard\libm.a
END GROUP
START GROUP
LOAD c:/st/stm32cubeide_1.7.0/stm32cubeide/plugins/com.st.stm32cube.ide.mcu.externaltools.gnu-tools-for-stm32.9-2020-q2-update.win32_2.0.0.202105311346/tools/bin/../lib/gcc/arm-none-eabi/9.3.1/thumb/v7e-m+fp/hard\libgcc.a
LOAD c:/st/stm32cubeide_1.7.0/stm32cubeide/plugins/com.st.stm32cube.ide.mcu.externaltools.gnu-tools-for-stm32.9-2020-q2-update.win32_2.0.0.202105311346/tools/bin/../lib/gcc/arm-none-eabi/9.3.1/../../../../arm-none-eabi/lib/thumb/v7e-m+fp/hard\libc_nano.a
END GROUP
START GROUP
LOAD c:/st/stm32cubeide_1.7.0/stm32cubeide/plugins/com.st.stm32cube.ide.mcu.externaltools.gnu-tools-for-stm32.9-2020-q2-update.win32_2.0.0.202105311346/tools/bin/../lib/gcc/arm-none-eabi/9.3.1/thumb/v7e-m+fp/hard\libgcc.a
LOAD c:/st/stm32cubeide_1.7.0/stm32cubeide/plugins/com.st.stm32cube.ide.mcu.externaltools.gnu-tools-for-stm32.9-2020-q2-update.win32_2.0.0.202105311346/tools/bin/../lib/gcc/arm-none-eabi/9.3.1/../../../../arm-none-eabi/lib/thumb/v7e-m+fp/hard\libc_nano.a
LOAD c:/st/stm32cubeide_1.7.0/stm32cubeide/plugins/com.st.stm32cube.ide.mcu.externaltools.gnu-tools-for-stm32.9-2020-q2-update.win32_2.0.0.202105311346/tools/bin/../lib/gcc/arm-none-eabi/9.3.1/../../../../arm-none-eabi/lib/thumb/v7e-m+fp/hard\libnosys.a
END GROUP
START GROUP
LOAD c:/st/stm32cubeide_1.7.0/stm32cubeide/plugins/com.st.stm32cube.ide.mcu.externaltools.gnu-tools-for-stm32.9-2020-q2-update.win32_2.0.0.202105311346/tools/bin/../lib/gcc/arm-none-eabi/9.3.1/thumb/v7e-m+fp/hard\libgcc.a
LOAD c:/st/stm32cubeide_1.7.0/stm32cubeide/plugins/com.st.stm32cube.ide.mcu.externaltools.gnu-tools-for-stm32.9-2020-q2-update.win32_2.0.0.202105311346/tools/bin/../lib/gcc/arm-none-eabi/9.3.1/../../../../arm-none-eabi/lib/thumb/v7e-m+fp/hard\libc_nano.a
LOAD c:/st/stm32cubeide_1.7.0/stm32cubeide/plugins/com.st.stm32cube.ide.mcu.externaltools.gnu-tools-for-stm32.9-2020-q2-update.win32_2.0.0.202105311346/tools/bin/../lib/gcc/arm-none-eabi/9.3.1/../../../../arm-none-eabi/lib/thumb/v7e-m+fp/hard\libnosys.a
END GROUP
LOAD c:/st/stm32cubeide_1.7.0/stm32cubeide/plugins/com.st.stm32cube.ide.mcu.externaltools.gnu-tools-for-stm32.9-2020-q2-update.win32_2.0.0.202105311346/tools/bin/../lib/gcc/arm-none-eabi/9.3.1/thumb/v7e-m+fp/hard/crtend.o
LOAD c:/st/stm32cubeide_1.7.0/stm32cubeide/plugins/com.st.stm32cube.ide.mcu.externaltools.gnu-tools-for-stm32.9-2020-q2-update.win32_2.0.0.202105311346/tools/bin/../lib/gcc/arm-none-eabi/9.3.1/thumb/v7e-m+fp/hard/crtn.o
                0x0000000020040000                _estack = (ORIGIN (RAM) + LENGTH (RAM))
                0x0000000000000200                _Min_Heap_Size = 0x200
                0x0000000000000400                _Min_Stack_Size = 0x400

.isr_vector     0x0000000008000000      0x1e0
                0x0000000008000000                . = ALIGN (0x4)
 *(.isr_vector)
 .isr_vector    0x0000000008000000      0x1e0 ./Core/Startup/startup_stm32f722zetx.o
                0x0000000008000000                g_pfnVectors
                0x00000000080001e0                . = ALIGN (0x4)

.text           0x00000000080001e0     0x8d04
                0x00000000080001e0                . = ALIGN (0x4)
 *(.text)
 .text          0x00000000080001e0       0x40 c:/st/stm32cubeide_1.7.0/stm32cubeide/plugins/com.st.stm32cube.ide.mcu.externaltools.gnu-tools-for-stm32.9-2020-q2-update.win32_2.0.0.202105311346/tools/bin/../lib/gcc/arm-none-eabi/9.3.1/thumb/v7e-m+fp/hard/crtbegin.o
 .text          0x0000000008000220       0x10 c:/st/stm32cubeide_1.7.0/stm32cubeide/plugins/com.st.stm32cube.ide.mcu.externaltools.gnu-tools-for-stm32.9-2020-q2-update.win32_2.0.0.202105311346/tools/bin/../lib/gcc/arm-none-eabi/9.3.1/../../../../arm-none-eabi/lib/thumb/v7e-m+fp/hard\libc_nano.a(lib_a-strlen.o)
                0x0000000008000220                strlen
 .text          0x0000000008000230      0x254 c:/st/stm32cubeide_1.7.0/stm32cubeide/plugins/com.st.stm32cube.ide.mcu.externaltools.gnu-tools-for-stm32.9-2020-q2-update.win32_2.0.0.202105311346/tools/bin/../lib/gcc/arm-none-eabi/9.3.1/thumb/v7e-m+fp/hard\libgcc.a(_arm_muldf3.o)
                0x0000000008000230                __muldf3
                0x0000000008000230                __aeabi_dmul
 .text          0x0000000008000484      0x378 c:/st/stm32cubeide_1.7.0/stm32cubeide/plugins/com.st.stm32cube.ide.mcu.externaltools.gnu-tools-for-stm32.9-2020-q2-update.win32_2.0.0.202105311346/tools/bin/../lib/gcc/arm-none-eabi/9.3.1/thumb/v7e-m+fp/hard\libgcc.a(_arm_addsubdf3.o)
                0x0000000008000484                __aeabi_drsub
                0x000000000800048c                __aeabi_dsub
                0x000000000800048c                __subdf3
                0x0000000008000490                __aeabi_dadd
                0x0000000008000490                __adddf3
                0x0000000008000708                __floatunsidf
                0x0000000008000708                __aeabi_ui2d
                0x0000000008000728                __floatsidf
                0x0000000008000728                __aeabi_i2d
                0x000000000800074c                __aeabi_f2d
                0x000000000800074c                __extendsfdf2
                0x0000000008000790                __floatundidf
                0x0000000008000790                __aeabi_ul2d
                0x00000000080007a0                __floatdidf
                0x00000000080007a0                __aeabi_l2d
 .text          0x00000000080007fc       0x30 c:/st/stm32cubeide_1.7.0/stm32cubeide/plugins/com.st.stm32cube.ide.mcu.externaltools.gnu-tools-for-stm32.9-2020-q2-update.win32_2.0.0.202105311346/tools/bin/../lib/gcc/arm-none-eabi/9.3.1/thumb/v7e-m+fp/hard\libgcc.a(_aeabi_uldivmod.o)
                0x00000000080007fc                __aeabi_uldivmod
 .text          0x000000000800082c       0x3c c:/st/stm32cubeide_1.7.0/stm32cubeide/plugins/com.st.stm32cube.ide.mcu.externaltools.gnu-tools-for-stm32.9-2020-q2-update.win32_2.0.0.202105311346/tools/bin/../lib/gcc/arm-none-eabi/9.3.1/thumb/v7e-m+fp/hard\libgcc.a(_fixunsdfdi.o)
                0x000000000800082c                __fixunsdfdi
                0x000000000800082c                __aeabi_d2ulz
 .text          0x0000000008000868      0x2c4 c:/st/stm32cubeide_1.7.0/stm32cubeide/plugins/com.st.stm32cube.ide.mcu.externaltools.gnu-tools-for-stm32.9-2020-q2-update.win32_2.0.0.202105311346/tools/bin/../lib/gcc/arm-none-eabi/9.3.1/thumb/v7e-m+fp/hard\libgcc.a(_udivmoddi4.o)
                0x0000000008000868                __udivmoddi4
 .text          0x0000000008000b2c        0x4 c:/st/stm32cubeide_1.7.0/stm32cubeide/plugins/com.st.stm32cube.ide.mcu.externaltools.gnu-tools-for-stm32.9-2020-q2-update.win32_2.0.0.202105311346/tools/bin/../lib/gcc/arm-none-eabi/9.3.1/thumb/v7e-m+fp/hard\libgcc.a(_dvmd_tls.o)
                0x0000000008000b2c                __aeabi_idiv0
                0x0000000008000b2c                __aeabi_ldiv0
 .text          0x0000000008000b30       0x40 c:/st/stm32cubeide_1.7.0/stm32cubeide/plugins/com.st.stm32cube.ide.mcu.externaltools.gnu-tools-for-stm32.9-2020-q2-update.win32_2.0.0.202105311346/tools/bin/../lib/gcc/arm-none-eabi/9.3.1/thumb/v7e-m+fp/hard\libgcc.a(_arm_fixunsdfsi.o)
                0x0000000008000b30                __aeabi_d2uiz
                0x0000000008000b30                __fixunsdfsi
 *(.text*)
 .text.DDS_Serial_Init
                0x0000000008000b70       0x84 ./Core/Src/main.o
                0x0000000008000b70                DDS_Serial_Init
 *fill*         0x0000000008000bf4        0x4 
 .text.DDS_Serial_Write
                0x0000000008000bf8      0x214 ./Core/Src/main.o
                0x0000000008000bf8                DDS_Serial_Write
 .text.CDC_start_check
                0x0000000008000e0c       0x74 ./Core/Src/main.o
                0x0000000008000e0c                CDC_start_check
 .text.main     0x0000000008000e80       0x58 ./Core/Src/main.o
                0x0000000008000e80                main
 .text.SystemClock_Config
                0x0000000008000ed8      0x12c ./Core/Src/main.o
                0x0000000008000ed8                SystemClock_Config
 .text.MX_SPI1_Init
                0x0000000008001004       0x7c ./Core/Src/main.o
 .text.MX_TIM2_Init
                0x0000000008001080       0x9c ./Core/Src/main.o
 .text.MX_USART3_UART_Init
                0x000000000800111c       0x60 ./Core/Src/main.o
 .text.MX_GPIO_Init
                0x000000000800117c      0x1f0 ./Core/Src/main.o
 .text.Error_Handler
                0x000000000800136c        0xa ./Core/Src/main.o
                0x000000000800136c                Error_Handler
 *fill*         0x0000000008001376        0x2 
 .text.HAL_MspInit
                0x0000000008001378       0x48 ./Core/Src/stm32f7xx_hal_msp.o
                0x0000000008001378                HAL_MspInit
 .text.HAL_SPI_MspInit
                0x00000000080013c0       0x88 ./Core/Src/stm32f7xx_hal_msp.o
                0x00000000080013c0                HAL_SPI_MspInit
 .text.HAL_TIM_Base_MspInit
                0x0000000008001448       0x3c ./Core/Src/stm32f7xx_hal_msp.o
                0x0000000008001448                HAL_TIM_Base_MspInit
 .text.HAL_UART_MspInit
                0x0000000008001484       0x88 ./Core/Src/stm32f7xx_hal_msp.o
                0x0000000008001484                HAL_UART_MspInit
 .text.NMI_Handler
                0x000000000800150c        0x6 ./Core/Src/stm32f7xx_it.o
                0x000000000800150c                NMI_Handler
 .text.HardFault_Handler
                0x0000000008001512        0x6 ./Core/Src/stm32f7xx_it.o
                0x0000000008001512                HardFault_Handler
 .text.MemManage_Handler
                0x0000000008001518        0x6 ./Core/Src/stm32f7xx_it.o
                0x0000000008001518                MemManage_Handler
 .text.BusFault_Handler
                0x000000000800151e        0x6 ./Core/Src/stm32f7xx_it.o
                0x000000000800151e                BusFault_Handler
 .text.UsageFault_Handler
                0x0000000008001524        0x6 ./Core/Src/stm32f7xx_it.o
                0x0000000008001524                UsageFault_Handler
 .text.SVC_Handler
                0x000000000800152a        0xe ./Core/Src/stm32f7xx_it.o
                0x000000000800152a                SVC_Handler
 .text.DebugMon_Handler
                0x0000000008001538        0xe ./Core/Src/stm32f7xx_it.o
                0x0000000008001538                DebugMon_Handler
 .text.PendSV_Handler
                0x0000000008001546        0xe ./Core/Src/stm32f7xx_it.o
                0x0000000008001546                PendSV_Handler
 .text.SysTick_Handler
                0x0000000008001554        0xc ./Core/Src/stm32f7xx_it.o
                0x0000000008001554                SysTick_Handler
 .text.OTG_FS_IRQHandler
                0x0000000008001560       0x14 ./Core/Src/stm32f7xx_it.o
                0x0000000008001560                OTG_FS_IRQHandler
 .text._sbrk    0x0000000008001574       0x6c ./Core/Src/sysmem.o
                0x0000000008001574                _sbrk
 .text.SystemInit
                0x00000000080015e0       0x24 ./Core/Src/system_stm32f7xx.o
                0x00000000080015e0                SystemInit
 .text.Reset_Handler
                0x0000000008001604       0x50 ./Core/Startup/startup_stm32f722zetx.o
                0x0000000008001604                Reset_Handler
 .text.Default_Handler
                0x0000000008001654        0x2 ./Core/Startup/startup_stm32f722zetx.o
                0x0000000008001654                RTC_Alarm_IRQHandler
                0x0000000008001654                EXTI2_IRQHandler
                0x0000000008001654                TIM8_CC_IRQHandler
                0x0000000008001654                UART8_IRQHandler
                0x0000000008001654                SPI4_IRQHandler
                0x0000000008001654                TIM1_CC_IRQHandler
                0x0000000008001654                DMA2_Stream5_IRQHandler
                0x0000000008001654                DMA1_Stream5_IRQHandler
                0x0000000008001654                PVD_IRQHandler
                0x0000000008001654                TAMP_STAMP_IRQHandler
                0x0000000008001654                EXTI3_IRQHandler
                0x0000000008001654                TIM8_TRG_COM_TIM14_IRQHandler
                0x0000000008001654                TIM1_UP_TIM10_IRQHandler
                0x0000000008001654                TIM8_UP_TIM13_IRQHandler
                0x0000000008001654                I2C3_ER_IRQHandler
                0x0000000008001654                EXTI0_IRQHandler
                0x0000000008001654                I2C2_EV_IRQHandler
                0x0000000008001654                DMA1_Stream2_IRQHandler
                0x0000000008001654                CAN1_RX0_IRQHandler
                0x0000000008001654                FPU_IRQHandler
                0x0000000008001654                OTG_HS_WKUP_IRQHandler
                0x0000000008001654                DMA2_Stream2_IRQHandler
                0x0000000008001654                SPI1_IRQHandler
                0x0000000008001654                TIM6_DAC_IRQHandler
                0x0000000008001654                TIM1_BRK_TIM9_IRQHandler
                0x0000000008001654                DMA2_Stream3_IRQHandler
                0x0000000008001654                SAI2_IRQHandler
                0x0000000008001654                USART6_IRQHandler
                0x0000000008001654                USART3_IRQHandler
                0x0000000008001654                CAN1_RX1_IRQHandler
                0x0000000008001654                UART5_IRQHandler
                0x0000000008001654                DMA2_Stream0_IRQHandler
                0x0000000008001654                TIM4_IRQHandler
                0x0000000008001654                QUADSPI_IRQHandler
                0x0000000008001654                I2C1_EV_IRQHandler
                0x0000000008001654                DMA1_Stream6_IRQHandler
                0x0000000008001654                DMA1_Stream1_IRQHandler
                0x0000000008001654                UART4_IRQHandler
                0x0000000008001654                TIM3_IRQHandler
                0x0000000008001654                RCC_IRQHandler
                0x0000000008001654                TIM8_BRK_TIM12_IRQHandler
                0x0000000008001654                Default_Handler
                0x0000000008001654                EXTI15_10_IRQHandler
                0x0000000008001654                ADC_IRQHandler
                0x0000000008001654                DMA1_Stream7_IRQHandler
                0x0000000008001654                SPI5_IRQHandler
                0x0000000008001654                TIM7_IRQHandler
                0x0000000008001654                SDMMC1_IRQHandler
                0x0000000008001654                TIM5_IRQHandler
                0x0000000008001654                DMA2_Stream7_IRQHandler
                0x0000000008001654                I2C3_EV_IRQHandler
                0x0000000008001654                EXTI9_5_IRQHandler
                0x0000000008001654                RTC_WKUP_IRQHandler
                0x0000000008001654                SPI2_IRQHandler
                0x0000000008001654                OTG_HS_EP1_IN_IRQHandler
                0x0000000008001654                DMA1_Stream0_IRQHandler
                0x0000000008001654                CAN1_TX_IRQHandler
                0x0000000008001654                EXTI4_IRQHandler
                0x0000000008001654                RNG_IRQHandler
                0x0000000008001654                OTG_HS_EP1_OUT_IRQHandler
                0x0000000008001654                WWDG_IRQHandler
                0x0000000008001654                TIM2_IRQHandler
                0x0000000008001654                OTG_FS_WKUP_IRQHandler
                0x0000000008001654                TIM1_TRG_COM_TIM11_IRQHandler
                0x0000000008001654                OTG_HS_IRQHandler
                0x0000000008001654                EXTI1_IRQHandler
                0x0000000008001654                SDMMC2_IRQHandler
                0x0000000008001654                UART7_IRQHandler
                0x0000000008001654                USART2_IRQHandler
                0x0000000008001654                I2C2_ER_IRQHandler
                0x0000000008001654                DMA2_Stream1_IRQHandler
                0x0000000008001654                CAN1_SCE_IRQHandler
                0x0000000008001654                FLASH_IRQHandler
                0x0000000008001654                DMA2_Stream4_IRQHandler
                0x0000000008001654                USART1_IRQHandler
                0x0000000008001654                SPI3_IRQHandler
                0x0000000008001654                DMA1_Stream4_IRQHandler
                0x0000000008001654                I2C1_ER_IRQHandler
                0x0000000008001654                FMC_IRQHandler
                0x0000000008001654                LPTIM1_IRQHandler
                0x0000000008001654                DMA2_Stream6_IRQHandler
                0x0000000008001654                SAI1_IRQHandler
                0x0000000008001654                DMA1_Stream3_IRQHandler
 .text.HAL_Init
                0x0000000008001656       0x1a ./Drivers/STM32F7xx_HAL_Driver/Src/stm32f7xx_hal.o
                0x0000000008001656                HAL_Init
 .text.HAL_InitTick
                0x0000000008001670       0x60 ./Drivers/STM32F7xx_HAL_Driver/Src/stm32f7xx_hal.o
                0x0000000008001670                HAL_InitTick
 .text.HAL_IncTick
                0x00000000080016d0       0x28 ./Drivers/STM32F7xx_HAL_Driver/Src/stm32f7xx_hal.o
                0x00000000080016d0                HAL_IncTick
 .text.HAL_GetTick
                0x00000000080016f8       0x18 ./Drivers/STM32F7xx_HAL_Driver/Src/stm32f7xx_hal.o
                0x00000000080016f8                HAL_GetTick
 .text.HAL_Delay
                0x0000000008001710       0x48 ./Drivers/STM32F7xx_HAL_Driver/Src/stm32f7xx_hal.o
                0x0000000008001710                HAL_Delay
 .text.__NVIC_SetPriorityGrouping
                0x0000000008001758       0x48 ./Drivers/STM32F7xx_HAL_Driver/Src/stm32f7xx_hal_cortex.o
 .text.__NVIC_GetPriorityGrouping
                0x00000000080017a0       0x1c ./Drivers/STM32F7xx_HAL_Driver/Src/stm32f7xx_hal_cortex.o
 .text.__NVIC_EnableIRQ
                0x00000000080017bc       0x3c ./Drivers/STM32F7xx_HAL_Driver/Src/stm32f7xx_hal_cortex.o
 .text.__NVIC_SetPriority
                0x00000000080017f8       0x54 ./Drivers/STM32F7xx_HAL_Driver/Src/stm32f7xx_hal_cortex.o
 .text.NVIC_EncodePriority
                0x000000000800184c       0x66 ./Drivers/STM32F7xx_HAL_Driver/Src/stm32f7xx_hal_cortex.o
 *fill*         0x00000000080018b2        0x2 
 .text.SysTick_Config
                0x00000000080018b4       0x44 ./Drivers/STM32F7xx_HAL_Driver/Src/stm32f7xx_hal_cortex.o
 .text.HAL_NVIC_SetPriorityGrouping
                0x00000000080018f8       0x16 ./Drivers/STM32F7xx_HAL_Driver/Src/stm32f7xx_hal_cortex.o
                0x00000000080018f8                HAL_NVIC_SetPriorityGrouping
 .text.HAL_NVIC_SetPriority
                0x000000000800190e       0x38 ./Drivers/STM32F7xx_HAL_Driver/Src/stm32f7xx_hal_cortex.o
                0x000000000800190e                HAL_NVIC_SetPriority
 .text.HAL_NVIC_EnableIRQ
                0x0000000008001946       0x1c ./Drivers/STM32F7xx_HAL_Driver/Src/stm32f7xx_hal_cortex.o
                0x0000000008001946                HAL_NVIC_EnableIRQ
 .text.HAL_SYSTICK_Config
                0x0000000008001962       0x18 ./Drivers/STM32F7xx_HAL_Driver/Src/stm32f7xx_hal_cortex.o
                0x0000000008001962                HAL_SYSTICK_Config
 *fill*         0x000000000800197a        0x2 
 .text.HAL_GPIO_Init
                0x000000000800197c      0x338 ./Drivers/STM32F7xx_HAL_Driver/Src/stm32f7xx_hal_gpio.o
                0x000000000800197c                HAL_GPIO_Init
 .text.HAL_GPIO_WritePin
                0x0000000008001cb4       0x32 ./Drivers/STM32F7xx_HAL_Driver/Src/stm32f7xx_hal_gpio.o
                0x0000000008001cb4                HAL_GPIO_WritePin
 .text.HAL_PCD_Init
                0x0000000008001ce6      0x248 ./Drivers/STM32F7xx_HAL_Driver/Src/stm32f7xx_hal_pcd.o
                0x0000000008001ce6                HAL_PCD_Init
 .text.HAL_PCD_Start
                0x0000000008001f2e       0x44 ./Drivers/STM32F7xx_HAL_Driver/Src/stm32f7xx_hal_pcd.o
                0x0000000008001f2e                HAL_PCD_Start
 .text.HAL_PCD_IRQHandler
                0x0000000008001f72      0x79e ./Drivers/STM32F7xx_HAL_Driver/Src/stm32f7xx_hal_pcd.o
                0x0000000008001f72                HAL_PCD_IRQHandler
 .text.HAL_PCD_SetAddress
                0x0000000008002710       0x4a ./Drivers/STM32F7xx_HAL_Driver/Src/stm32f7xx_hal_pcd.o
                0x0000000008002710                HAL_PCD_SetAddress
 .text.HAL_PCD_EP_Open
                0x000000000800275a       0xd0 ./Drivers/STM32F7xx_HAL_Driver/Src/stm32f7xx_hal_pcd.o
                0x000000000800275a                HAL_PCD_EP_Open
 .text.HAL_PCD_EP_Close
                0x000000000800282a       0x94 ./Drivers/STM32F7xx_HAL_Driver/Src/stm32f7xx_hal_pcd.o
                0x000000000800282a                HAL_PCD_EP_Close
 .text.HAL_PCD_EP_Receive
                0x00000000080028be       0x96 ./Drivers/STM32F7xx_HAL_Driver/Src/stm32f7xx_hal_pcd.o
                0x00000000080028be                HAL_PCD_EP_Receive
 .text.HAL_PCD_EP_GetRxCount
                0x0000000008002954       0x30 ./Drivers/STM32F7xx_HAL_Driver/Src/stm32f7xx_hal_pcd.o
                0x0000000008002954                HAL_PCD_EP_GetRxCount
 .text.HAL_PCD_EP_Transmit
                0x0000000008002984       0x94 ./Drivers/STM32F7xx_HAL_Driver/Src/stm32f7xx_hal_pcd.o
                0x0000000008002984                HAL_PCD_EP_Transmit
 .text.HAL_PCD_EP_SetStall
                0x0000000008002a18       0xc8 ./Drivers/STM32F7xx_HAL_Driver/Src/stm32f7xx_hal_pcd.o
                0x0000000008002a18                HAL_PCD_EP_SetStall
 .text.HAL_PCD_EP_ClrStall
                0x0000000008002ae0       0xac ./Drivers/STM32F7xx_HAL_Driver/Src/stm32f7xx_hal_pcd.o
                0x0000000008002ae0                HAL_PCD_EP_ClrStall
 .text.PCD_WriteEmptyTxFifo
                0x0000000008002b8c      0x11a ./Drivers/STM32F7xx_HAL_Driver/Src/stm32f7xx_hal_pcd.o
 *fill*         0x0000000008002ca6        0x2 
 .text.PCD_EP_OutXfrComplete_int
                0x0000000008002ca8      0x218 ./Drivers/STM32F7xx_HAL_Driver/Src/stm32f7xx_hal_pcd.o
 .text.PCD_EP_OutSetupPacket_int
                0x0000000008002ec0       0x8c ./Drivers/STM32F7xx_HAL_Driver/Src/stm32f7xx_hal_pcd.o
 .text.HAL_PCDEx_SetTxFiFo
                0x0000000008002f4c       0x8e ./Drivers/STM32F7xx_HAL_Driver/Src/stm32f7xx_hal_pcd_ex.o
                0x0000000008002f4c                HAL_PCDEx_SetTxFiFo
 .text.HAL_PCDEx_SetRxFiFo
                0x0000000008002fda       0x22 ./Drivers/STM32F7xx_HAL_Driver/Src/stm32f7xx_hal_pcd_ex.o
                0x0000000008002fda                HAL_PCDEx_SetRxFiFo
 .text.HAL_PCDEx_ActivateLPM
                0x0000000008002ffc       0x48 ./Drivers/STM32F7xx_HAL_Driver/Src/stm32f7xx_hal_pcd_ex.o
                0x0000000008002ffc                HAL_PCDEx_ActivateLPM
 .text.HAL_PWR_EnableBkUpAccess
                0x0000000008003044       0x20 ./Drivers/STM32F7xx_HAL_Driver/Src/stm32f7xx_hal_pwr.o
                0x0000000008003044                HAL_PWR_EnableBkUpAccess
 .text.HAL_PWREx_EnableOverDrive
                0x0000000008003064       0xa0 ./Drivers/STM32F7xx_HAL_Driver/Src/stm32f7xx_hal_pwr_ex.o
                0x0000000008003064                HAL_PWREx_EnableOverDrive
 .text.HAL_RCC_OscConfig
                0x0000000008003104      0x548 ./Drivers/STM32F7xx_HAL_Driver/Src/stm32f7xx_hal_rcc.o
                0x0000000008003104                HAL_RCC_OscConfig
 .text.HAL_RCC_ClockConfig
                0x000000000800364c      0x1d8 ./Drivers/STM32F7xx_HAL_Driver/Src/stm32f7xx_hal_rcc.o
                0x000000000800364c                HAL_RCC_ClockConfig
 .text.HAL_RCC_GetSysClockFreq
                0x0000000008003824      0x1c4 ./Drivers/STM32F7xx_HAL_Driver/Src/stm32f7xx_hal_rcc.o
                0x0000000008003824                HAL_RCC_GetSysClockFreq
 .text.HAL_RCC_GetHCLKFreq
                0x00000000080039e8       0x18 ./Drivers/STM32F7xx_HAL_Driver/Src/stm32f7xx_hal_rcc.o
                0x00000000080039e8                HAL_RCC_GetHCLKFreq
 .text.HAL_RCC_GetPCLK1Freq
                0x0000000008003a00       0x28 ./Drivers/STM32F7xx_HAL_Driver/Src/stm32f7xx_hal_rcc.o
                0x0000000008003a00                HAL_RCC_GetPCLK1Freq
 .text.HAL_RCC_GetPCLK2Freq
                0x0000000008003a28       0x28 ./Drivers/STM32F7xx_HAL_Driver/Src/stm32f7xx_hal_rcc.o
                0x0000000008003a28                HAL_RCC_GetPCLK2Freq
 .text.HAL_RCCEx_PeriphCLKConfig
                0x0000000008003a50      0x694 ./Drivers/STM32F7xx_HAL_Driver/Src/stm32f7xx_hal_rcc_ex.o
                0x0000000008003a50                HAL_RCCEx_PeriphCLKConfig
 .text.HAL_SPI_Init
                0x00000000080040e4      0x156 ./Drivers/STM32F7xx_HAL_Driver/Src/stm32f7xx_hal_spi.o
                0x00000000080040e4                HAL_SPI_Init
 .text.HAL_TIM_Base_Init
                0x000000000800423a       0xae ./Drivers/STM32F7xx_HAL_Driver/Src/stm32f7xx_hal_tim.o
                0x000000000800423a                HAL_TIM_Base_Init
 .text.HAL_TIM_ConfigClockSource
                0x00000000080042e8      0x194 ./Drivers/STM32F7xx_HAL_Driver/Src/stm32f7xx_hal_tim.o
                0x00000000080042e8                HAL_TIM_ConfigClockSource
 .text.TIM_Base_SetConfig
                0x000000000800447c      0x140 ./Drivers/STM32F7xx_HAL_Driver/Src/stm32f7xx_hal_tim.o
                0x000000000800447c                TIM_Base_SetConfig
 .text.TIM_TI1_ConfigInputStage
                0x00000000080045bc       0x5e ./Drivers/STM32F7xx_HAL_Driver/Src/stm32f7xx_hal_tim.o
 .text.TIM_TI2_ConfigInputStage
                0x000000000800461a       0x60 ./Drivers/STM32F7xx_HAL_Driver/Src/stm32f7xx_hal_tim.o
 .text.TIM_ITRx_SetConfig
                0x000000000800467a       0x36 ./Drivers/STM32F7xx_HAL_Driver/Src/stm32f7xx_hal_tim.o
 .text.TIM_ETR_SetConfig
                0x00000000080046b0       0x40 ./Drivers/STM32F7xx_HAL_Driver/Src/stm32f7xx_hal_tim.o
                0x00000000080046b0                TIM_ETR_SetConfig
 .text.HAL_TIMEx_MasterConfigSynchronization
                0x00000000080046f0      0x11c ./Drivers/STM32F7xx_HAL_Driver/Src/stm32f7xx_hal_tim_ex.o
                0x00000000080046f0                HAL_TIMEx_MasterConfigSynchronization
 .text.HAL_UART_Init
                0x000000000800480c       0x9c ./Drivers/STM32F7xx_HAL_Driver/Src/stm32f7xx_hal_uart.o
                0x000000000800480c                HAL_UART_Init
 .text.UART_SetConfig
                0x00000000080048a8      0x4c4 ./Drivers/STM32F7xx_HAL_Driver/Src/stm32f7xx_hal_uart.o
                0x00000000080048a8                UART_SetConfig
 .text.UART_AdvFeatureConfig
                0x0000000008004d6c      0x144 ./Drivers/STM32F7xx_HAL_Driver/Src/stm32f7xx_hal_uart.o
                0x0000000008004d6c                UART_AdvFeatureConfig
 .text.UART_CheckIdleState
                0x0000000008004eb0       0x66 ./Drivers/STM32F7xx_HAL_Driver/Src/stm32f7xx_hal_uart.o
                0x0000000008004eb0                UART_CheckIdleState
 .text.UART_WaitOnFlagUntilTimeout
                0x0000000008004f16      0x188 ./Drivers/STM32F7xx_HAL_Driver/Src/stm32f7xx_hal_uart.o
                0x0000000008004f16                UART_WaitOnFlagUntilTimeout
 *fill*         0x000000000800509e        0x2 
 .text.USB_CoreInit
                0x00000000080050a0      0x110 ./Drivers/STM32F7xx_HAL_Driver/Src/stm32f7xx_ll_usb.o
                0x00000000080050a0                USB_CoreInit
 .text.USB_SetTurnaroundTime
                0x00000000080051b0      0x144 ./Drivers/STM32F7xx_HAL_Driver/Src/stm32f7xx_ll_usb.o
                0x00000000080051b0                USB_SetTurnaroundTime
 .text.USB_EnableGlobalInt
                0x00000000080052f4       0x22 ./Drivers/STM32F7xx_HAL_Driver/Src/stm32f7xx_ll_usb.o
                0x00000000080052f4                USB_EnableGlobalInt
 .text.USB_DisableGlobalInt
                0x0000000008005316       0x22 ./Drivers/STM32F7xx_HAL_Driver/Src/stm32f7xx_ll_usb.o
                0x0000000008005316                USB_DisableGlobalInt
 .text.USB_SetCurrentMode
                0x0000000008005338       0x98 ./Drivers/STM32F7xx_HAL_Driver/Src/stm32f7xx_ll_usb.o
                0x0000000008005338                USB_SetCurrentMode
 .text.USB_DevInit
                0x00000000080053d0      0x2dc ./Drivers/STM32F7xx_HAL_Driver/Src/stm32f7xx_ll_usb.o
                0x00000000080053d0                USB_DevInit
 .text.USB_FlushTxFifo
                0x00000000080056ac       0x64 ./Drivers/STM32F7xx_HAL_Driver/Src/stm32f7xx_ll_usb.o
                0x00000000080056ac                USB_FlushTxFifo
 .text.USB_FlushRxFifo
                0x0000000008005710       0x5c ./Drivers/STM32F7xx_HAL_Driver/Src/stm32f7xx_ll_usb.o
                0x0000000008005710                USB_FlushRxFifo
 .text.USB_SetDevSpeed
                0x000000000800576c       0x32 ./Drivers/STM32F7xx_HAL_Driver/Src/stm32f7xx_ll_usb.o
                0x000000000800576c                USB_SetDevSpeed
 .text.USB_GetDevSpeed
                0x000000000800579e       0x4a ./Drivers/STM32F7xx_HAL_Driver/Src/stm32f7xx_ll_usb.o
                0x000000000800579e                USB_GetDevSpeed
 .text.USB_ActivateEndpoint
                0x00000000080057e8      0x110 ./Drivers/STM32F7xx_HAL_Driver/Src/stm32f7xx_ll_usb.o
                0x00000000080057e8                USB_ActivateEndpoint
 .text.USB_DeactivateEndpoint
                0x00000000080058f8      0x1b8 ./Drivers/STM32F7xx_HAL_Driver/Src/stm32f7xx_ll_usb.o
                0x00000000080058f8                USB_DeactivateEndpoint
 .text.USB_EPStartXfer
                0x0000000008005ab0      0x498 ./Drivers/STM32F7xx_HAL_Driver/Src/stm32f7xx_ll_usb.o
                0x0000000008005ab0                USB_EPStartXfer
 .text.USB_EP0StartXfer
                0x0000000008005f48      0x2b0 ./Drivers/STM32F7xx_HAL_Driver/Src/stm32f7xx_ll_usb.o
                0x0000000008005f48                USB_EP0StartXfer
 .text.USB_WritePacket
                0x00000000080061f8       0x7c ./Drivers/STM32F7xx_HAL_Driver/Src/stm32f7xx_ll_usb.o
                0x00000000080061f8                USB_WritePacket
 .text.USB_ReadPacket
                0x0000000008006274       0xb0 ./Drivers/STM32F7xx_HAL_Driver/Src/stm32f7xx_ll_usb.o
                0x0000000008006274                USB_ReadPacket
 .text.USB_EPSetStall
                0x0000000008006324       0xdc ./Drivers/STM32F7xx_HAL_Driver/Src/stm32f7xx_ll_usb.o
                0x0000000008006324                USB_EPSetStall
 .text.USB_EPClearStall
                0x0000000008006400       0xcc ./Drivers/STM32F7xx_HAL_Driver/Src/stm32f7xx_ll_usb.o
                0x0000000008006400                USB_EPClearStall
 .text.USB_SetDevAddress
                0x00000000080064cc       0x4c ./Drivers/STM32F7xx_HAL_Driver/Src/stm32f7xx_ll_usb.o
                0x00000000080064cc                USB_SetDevAddress
 .text.USB_DevConnect
                0x0000000008006518       0x42 ./Drivers/STM32F7xx_HAL_Driver/Src/stm32f7xx_ll_usb.o
                0x0000000008006518                USB_DevConnect
 .text.USB_DevDisconnect
                0x000000000800655a       0x42 ./Drivers/STM32F7xx_HAL_Driver/Src/stm32f7xx_ll_usb.o
                0x000000000800655a                USB_DevDisconnect
 .text.USB_ReadInterrupts
                0x000000000800659c       0x26 ./Drivers/STM32F7xx_HAL_Driver/Src/stm32f7xx_ll_usb.o
                0x000000000800659c                USB_ReadInterrupts
 .text.USB_ReadDevAllOutEpInterrupt
                0x00000000080065c2       0x34 ./Drivers/STM32F7xx_HAL_Driver/Src/stm32f7xx_ll_usb.o
                0x00000000080065c2                USB_ReadDevAllOutEpInterrupt
 .text.USB_ReadDevAllInEpInterrupt
                0x00000000080065f6       0x34 ./Drivers/STM32F7xx_HAL_Driver/Src/stm32f7xx_ll_usb.o
                0x00000000080065f6                USB_ReadDevAllInEpInterrupt
 .text.USB_ReadDevOutEPInterrupt
                0x000000000800662a       0x3c ./Drivers/STM32F7xx_HAL_Driver/Src/stm32f7xx_ll_usb.o
                0x000000000800662a                USB_ReadDevOutEPInterrupt
 .text.USB_ReadDevInEPInterrupt
                0x0000000008006666       0x5c ./Drivers/STM32F7xx_HAL_Driver/Src/stm32f7xx_ll_usb.o
                0x0000000008006666                USB_ReadDevInEPInterrupt
 .text.USB_GetMode
                0x00000000080066c2       0x1c ./Drivers/STM32F7xx_HAL_Driver/Src/stm32f7xx_ll_usb.o
                0x00000000080066c2                USB_GetMode
 *fill*         0x00000000080066de        0x2 
 .text.USB_ActivateSetup
                0x00000000080066e0       0x48 ./Drivers/STM32F7xx_HAL_Driver/Src/stm32f7xx_ll_usb.o
                0x00000000080066e0                USB_ActivateSetup
 .text.USB_EP0_OutStart
                0x0000000008006728       0xbc ./Drivers/STM32F7xx_HAL_Driver/Src/stm32f7xx_ll_usb.o
                0x0000000008006728                USB_EP0_OutStart
 .text.USB_CoreReset
                0x00000000080067e4       0x64 ./Drivers/STM32F7xx_HAL_Driver/Src/stm32f7xx_ll_usb.o
 .text.USBD_CDC_Init
                0x0000000008006848      0x100 ./Middlewares/ST/STM32_USB_Device_Library/Class/CDC/Src/usbd_cdc.o
 .text.USBD_CDC_DeInit
                0x0000000008006948       0x78 ./Middlewares/ST/STM32_USB_Device_Library/Class/CDC/Src/usbd_cdc.o
 .text.USBD_CDC_Setup
                0x00000000080069c0      0x178 ./Middlewares/ST/STM32_USB_Device_Library/Class/CDC/Src/usbd_cdc.o
 .text.USBD_CDC_DataIn
                0x0000000008006b38       0xbe ./Middlewares/ST/STM32_USB_Device_Library/Class/CDC/Src/usbd_cdc.o
 .text.USBD_CDC_DataOut
                0x0000000008006bf6       0x56 ./Middlewares/ST/STM32_USB_Device_Library/Class/CDC/Src/usbd_cdc.o
 .text.USBD_CDC_EP0_RxReady
                0x0000000008006c4c       0x50 ./Middlewares/ST/STM32_USB_Device_Library/Class/CDC/Src/usbd_cdc.o
 .text.USBD_CDC_GetFSCfgDesc
                0x0000000008006c9c       0x20 ./Middlewares/ST/STM32_USB_Device_Library/Class/CDC/Src/usbd_cdc.o
 .text.USBD_CDC_GetHSCfgDesc
                0x0000000008006cbc       0x20 ./Middlewares/ST/STM32_USB_Device_Library/Class/CDC/Src/usbd_cdc.o
 .text.USBD_CDC_GetOtherSpeedCfgDesc
                0x0000000008006cdc       0x20 ./Middlewares/ST/STM32_USB_Device_Library/Class/CDC/Src/usbd_cdc.o
 .text.USBD_CDC_GetDeviceQualifierDescriptor
                0x0000000008006cfc       0x20 ./Middlewares/ST/STM32_USB_Device_Library/Class/CDC/Src/usbd_cdc.o
                0x0000000008006cfc                USBD_CDC_GetDeviceQualifierDescriptor
 .text.USBD_CDC_RegisterInterface
                0x0000000008006d1c       0x2a ./Middlewares/ST/STM32_USB_Device_Library/Class/CDC/Src/usbd_cdc.o
                0x0000000008006d1c                USBD_CDC_RegisterInterface
 .text.USBD_CDC_SetTxBuffer
                0x0000000008006d46       0x32 ./Middlewares/ST/STM32_USB_Device_Library/Class/CDC/Src/usbd_cdc.o
                0x0000000008006d46                USBD_CDC_SetTxBuffer
 .text.USBD_CDC_SetRxBuffer
                0x0000000008006d78       0x28 ./Middlewares/ST/STM32_USB_Device_Library/Class/CDC/Src/usbd_cdc.o
                0x0000000008006d78                USBD_CDC_SetRxBuffer
 .text.USBD_CDC_TransmitPacket
                0x0000000008006da0       0x60 ./Middlewares/ST/STM32_USB_Device_Library/Class/CDC/Src/usbd_cdc.o
                0x0000000008006da0                USBD_CDC_TransmitPacket
 .text.USBD_CDC_ReceivePacket
                0x0000000008006e00       0x54 ./Middlewares/ST/STM32_USB_Device_Library/Class/CDC/Src/usbd_cdc.o
                0x0000000008006e00                USBD_CDC_ReceivePacket
 .text.USBD_Init
                0x0000000008006e54       0x6c ./Middlewares/ST/STM32_USB_Device_Library/Core/Src/usbd_core.o
                0x0000000008006e54                USBD_Init
 .text.USBD_RegisterClass
                0x0000000008006ec0       0x42 ./Middlewares/ST/STM32_USB_Device_Library/Core/Src/usbd_core.o
                0x0000000008006ec0                USBD_RegisterClass
 .text.USBD_Start
                0x0000000008006f02       0x18 ./Middlewares/ST/STM32_USB_Device_Library/Core/Src/usbd_core.o
                0x0000000008006f02                USBD_Start
 .text.USBD_RunTestMode
                0x0000000008006f1a       0x16 ./Middlewares/ST/STM32_USB_Device_Library/Core/Src/usbd_core.o
                0x0000000008006f1a                USBD_RunTestMode
 .text.USBD_SetClassConfig
                0x0000000008006f30       0x38 ./Middlewares/ST/STM32_USB_Device_Library/Core/Src/usbd_core.o
                0x0000000008006f30                USBD_SetClassConfig
 .text.USBD_ClrClassConfig
                0x0000000008006f68       0x30 ./Middlewares/ST/STM32_USB_Device_Library/Core/Src/usbd_core.o
                0x0000000008006f68                USBD_ClrClassConfig
 .text.USBD_LL_SetupStage
                0x0000000008006f98       0xaa ./Middlewares/ST/STM32_USB_Device_Library/Core/Src/usbd_core.o
                0x0000000008006f98                USBD_LL_SetupStage
 .text.USBD_LL_DataOutStage
                0x0000000008007042       0xc6 ./Middlewares/ST/STM32_USB_Device_Library/Core/Src/usbd_core.o
                0x0000000008007042                USBD_LL_DataOutStage
 .text.USBD_LL_DataInStage
                0x0000000008007108      0x12c ./Middlewares/ST/STM32_USB_Device_Library/Core/Src/usbd_core.o
                0x0000000008007108                USBD_LL_DataInStage
 .text.USBD_LL_Reset
                0x0000000008007234       0x82 ./Middlewares/ST/STM32_USB_Device_Library/Core/Src/usbd_core.o
                0x0000000008007234                USBD_LL_Reset
 .text.USBD_LL_SetSpeed
                0x00000000080072b6       0x20 ./Middlewares/ST/STM32_USB_Device_Library/Core/Src/usbd_core.o
                0x00000000080072b6                USBD_LL_SetSpeed
 .text.USBD_LL_Suspend
                0x00000000080072d6       0x2a ./Middlewares/ST/STM32_USB_Device_Library/Core/Src/usbd_core.o
                0x00000000080072d6                USBD_LL_Suspend
 .text.USBD_LL_Resume
                0x0000000008007300       0x2c ./Middlewares/ST/STM32_USB_Device_Library/Core/Src/usbd_core.o
                0x0000000008007300                USBD_LL_Resume
 .text.USBD_LL_SOF
                0x000000000800732c       0x34 ./Middlewares/ST/STM32_USB_Device_Library/Core/Src/usbd_core.o
                0x000000000800732c                USBD_LL_SOF
 .text.USBD_LL_IsoINIncomplete
                0x0000000008007360       0x1a ./Middlewares/ST/STM32_USB_Device_Library/Core/Src/usbd_core.o
                0x0000000008007360                USBD_LL_IsoINIncomplete
 .text.USBD_LL_IsoOUTIncomplete
                0x000000000800737a       0x1a ./Middlewares/ST/STM32_USB_Device_Library/Core/Src/usbd_core.o
                0x000000000800737a                USBD_LL_IsoOUTIncomplete
 .text.USBD_LL_DevConnected
                0x0000000008007394       0x16 ./Middlewares/ST/STM32_USB_Device_Library/Core/Src/usbd_core.o
                0x0000000008007394                USBD_LL_DevConnected
 .text.USBD_LL_DevDisconnected
                0x00000000080073aa       0x38 ./Middlewares/ST/STM32_USB_Device_Library/Core/Src/usbd_core.o
                0x00000000080073aa                USBD_LL_DevDisconnected
 .text.SWAPBYTE
                0x00000000080073e2       0x3c ./Middlewares/ST/STM32_USB_Device_Library/Core/Src/usbd_ctlreq.o
 *fill*         0x000000000800741e        0x2 
 .text.USBD_StdDevReq
                0x0000000008007420       0xdc ./Middlewares/ST/STM32_USB_Device_Library/Core/Src/usbd_ctlreq.o
                0x0000000008007420                USBD_StdDevReq
 .text.USBD_StdItfReq
                0x00000000080074fc       0x90 ./Middlewares/ST/STM32_USB_Device_Library/Core/Src/usbd_ctlreq.o
                0x00000000080074fc                USBD_StdItfReq
 .text.USBD_StdEPReq
                0x000000000800758c      0x2ba ./Middlewares/ST/STM32_USB_Device_Library/Core/Src/usbd_ctlreq.o
                0x000000000800758c                USBD_StdEPReq
 *fill*         0x0000000008007846        0x2 
 .text.USBD_GetDescriptor
                0x0000000008007848      0x328 ./Middlewares/ST/STM32_USB_Device_Library/Core/Src/usbd_ctlreq.o
 .text.USBD_SetAddress
                0x0000000008007b70       0x86 ./Middlewares/ST/STM32_USB_Device_Library/Core/Src/usbd_ctlreq.o
 *fill*         0x0000000008007bf6        0x2 
 .text.USBD_SetConfig
                0x0000000008007bf8      0x148 ./Middlewares/ST/STM32_USB_Device_Library/Core/Src/usbd_ctlreq.o
 .text.USBD_GetConfig
                0x0000000008007d40       0x6a ./Middlewares/ST/STM32_USB_Device_Library/Core/Src/usbd_ctlreq.o
 .text.USBD_GetStatus
                0x0000000008007daa       0x66 ./Middlewares/ST/STM32_USB_Device_Library/Core/Src/usbd_ctlreq.o
 .text.USBD_SetFeature
                0x0000000008007e10       0x28 ./Middlewares/ST/STM32_USB_Device_Library/Core/Src/usbd_ctlreq.o
 .text.USBD_ClrFeature
                0x0000000008007e38       0x42 ./Middlewares/ST/STM32_USB_Device_Library/Core/Src/usbd_ctlreq.o
 .text.USBD_ParseSetupRequest
                0x0000000008007e7a       0x74 ./Middlewares/ST/STM32_USB_Device_Library/Core/Src/usbd_ctlreq.o
                0x0000000008007e7a                USBD_ParseSetupRequest
 .text.USBD_CtlError
                0x0000000008007eee       0x22 ./Middlewares/ST/STM32_USB_Device_Library/Core/Src/usbd_ctlreq.o
                0x0000000008007eee                USBD_CtlError
 .text.USBD_GetString
                0x0000000008007f10       0x8c ./Middlewares/ST/STM32_USB_Device_Library/Core/Src/usbd_ctlreq.o
                0x0000000008007f10                USBD_GetString
 .text.USBD_GetLen
                0x0000000008007f9c       0x34 ./Middlewares/ST/STM32_USB_Device_Library/Core/Src/usbd_ctlreq.o
 .text.USBD_CtlSendData
                0x0000000008007fd0       0x36 ./Middlewares/ST/STM32_USB_Device_Library/Core/Src/usbd_ioreq.o
                0x0000000008007fd0                USBD_CtlSendData
 .text.USBD_CtlContinueSendData
                0x0000000008008006       0x22 ./Middlewares/ST/STM32_USB_Device_Library/Core/Src/usbd_ioreq.o
                0x0000000008008006                USBD_CtlContinueSendData
 .text.USBD_CtlPrepareRx
                0x0000000008008028       0x3a ./Middlewares/ST/STM32_USB_Device_Library/Core/Src/usbd_ioreq.o
                0x0000000008008028                USBD_CtlPrepareRx
 .text.USBD_CtlContinueRx
                0x0000000008008062       0x22 ./Middlewares/ST/STM32_USB_Device_Library/Core/Src/usbd_ioreq.o
                0x0000000008008062                USBD_CtlContinueRx
 .text.USBD_CtlSendStatus
                0x0000000008008084       0x26 ./Middlewares/ST/STM32_USB_Device_Library/Core/Src/usbd_ioreq.o
                0x0000000008008084                USBD_CtlSendStatus
 .text.USBD_CtlReceiveStatus
                0x00000000080080aa       0x26 ./Middlewares/ST/STM32_USB_Device_Library/Core/Src/usbd_ioreq.o
                0x00000000080080aa                USBD_CtlReceiveStatus
 .text.MX_USB_DEVICE_Init
                0x00000000080080d0       0x60 ./USB_DEVICE/App/usb_device.o
                0x00000000080080d0                MX_USB_DEVICE_Init
 .text.StaticIntArray_PushBack
                0x0000000008008130       0x42 ./USB_DEVICE/App/usbd_cdc_if.o
                0x0000000008008130                StaticIntArray_PushBack
 *fill*         0x0000000008008172        0x2 
 .text.CDC_Init_FS
                0x0000000008008174       0x28 ./USB_DEVICE/App/usbd_cdc_if.o
 .text.CDC_DeInit_FS
                0x000000000800819c       0x10 ./USB_DEVICE/App/usbd_cdc_if.o
 .text.CDC_Control_FS
                0x00000000080081ac       0xbc ./USB_DEVICE/App/usbd_cdc_if.o
 .text.CDC_Receive_FS
                0x0000000008008268       0xdc ./USB_DEVICE/App/usbd_cdc_if.o
 .text.CDC_Transmit_FS
                0x0000000008008344       0x4c ./USB_DEVICE/App/usbd_cdc_if.o
                0x0000000008008344                CDC_Transmit_FS
 .text.CDC_TransmitCplt_FS
                0x0000000008008390       0x22 ./USB_DEVICE/App/usbd_cdc_if.o
 *fill*         0x00000000080083b2        0x2 
 .text.USBD_FS_DeviceDescriptor
                0x00000000080083b4       0x24 ./USB_DEVICE/App/usbd_desc.o
                0x00000000080083b4                USBD_FS_DeviceDescriptor
 .text.USBD_FS_LangIDStrDescriptor
                0x00000000080083d8       0x24 ./USB_DEVICE/App/usbd_desc.o
                0x00000000080083d8                USBD_FS_LangIDStrDescriptor
 .text.USBD_FS_ProductStrDescriptor
                0x00000000080083fc       0x3c ./USB_DEVICE/App/usbd_desc.o
                0x00000000080083fc                USBD_FS_ProductStrDescriptor
 .text.USBD_FS_ManufacturerStrDescriptor
                0x0000000008008438       0x28 ./USB_DEVICE/App/usbd_desc.o
                0x0000000008008438                USBD_FS_ManufacturerStrDescriptor
 .text.USBD_FS_SerialStrDescriptor
                0x0000000008008460       0x24 ./USB_DEVICE/App/usbd_desc.o
                0x0000000008008460                USBD_FS_SerialStrDescriptor
 .text.USBD_FS_ConfigStrDescriptor
                0x0000000008008484       0x3c ./USB_DEVICE/App/usbd_desc.o
                0x0000000008008484                USBD_FS_ConfigStrDescriptor
 .text.USBD_FS_InterfaceStrDescriptor
                0x00000000080084c0       0x3c ./USB_DEVICE/App/usbd_desc.o
                0x00000000080084c0                USBD_FS_InterfaceStrDescriptor
 .text.USBD_FS_USR_BOSDescriptor
                0x00000000080084fc       0x24 ./USB_DEVICE/App/usbd_desc.o
                0x00000000080084fc                USBD_FS_USR_BOSDescriptor
 .text.Get_SerialNum
                0x0000000008008520       0x58 ./USB_DEVICE/App/usbd_desc.o
 .text.IntToUnicode
                0x0000000008008578       0x7e ./USB_DEVICE/App/usbd_desc.o
 *fill*         0x00000000080085f6        0x2 
 .text.HAL_PCD_MspInit
                0x00000000080085f8       0xc8 ./USB_DEVICE/Target/usbd_conf.o
                0x00000000080085f8                HAL_PCD_MspInit
 .text.HAL_PCD_SetupStageCallback
                0x00000000080086c0       0x24 ./USB_DEVICE/Target/usbd_conf.o
                0x00000000080086c0                HAL_PCD_SetupStageCallback
 .text.HAL_PCD_DataOutStageCallback
                0x00000000080086e4       0x36 ./USB_DEVICE/Target/usbd_conf.o
                0x00000000080086e4                HAL_PCD_DataOutStageCallback
 .text.HAL_PCD_DataInStageCallback
                0x000000000800871a       0x34 ./USB_DEVICE/Target/usbd_conf.o
                0x000000000800871a                HAL_PCD_DataInStageCallback
 .text.HAL_PCD_SOFCallback
                0x000000000800874e       0x1c ./USB_DEVICE/Target/usbd_conf.o
                0x000000000800874e                HAL_PCD_SOFCallback
 .text.HAL_PCD_ResetCallback
                0x000000000800876a       0x50 ./USB_DEVICE/Target/usbd_conf.o
                0x000000000800876a                HAL_PCD_ResetCallback
 *fill*         0x00000000080087ba        0x2 
 .text.HAL_PCD_SuspendCallback
                0x00000000080087bc       0x4c ./USB_DEVICE/Target/usbd_conf.o
                0x00000000080087bc                HAL_PCD_SuspendCallback
 .text.HAL_PCD_ResumeCallback
                0x0000000008008808       0x1c ./USB_DEVICE/Target/usbd_conf.o
                0x0000000008008808                HAL_PCD_ResumeCallback
 .text.HAL_PCD_ISOOUTIncompleteCallback
                0x0000000008008824       0x24 ./USB_DEVICE/Target/usbd_conf.o
                0x0000000008008824                HAL_PCD_ISOOUTIncompleteCallback
 .text.HAL_PCD_ISOINIncompleteCallback
                0x0000000008008848       0x24 ./USB_DEVICE/Target/usbd_conf.o
                0x0000000008008848                HAL_PCD_ISOINIncompleteCallback
 .text.HAL_PCD_ConnectCallback
                0x000000000800886c       0x1c ./USB_DEVICE/Target/usbd_conf.o
                0x000000000800886c                HAL_PCD_ConnectCallback
 .text.HAL_PCD_DisconnectCallback
                0x0000000008008888       0x1c ./USB_DEVICE/Target/usbd_conf.o
                0x0000000008008888                HAL_PCD_DisconnectCallback
 .text.USBD_LL_Init
                0x00000000080088a4       0x98 ./USB_DEVICE/Target/usbd_conf.o
                0x00000000080088a4                USBD_LL_Init
 .text.USBD_LL_Start
                0x000000000800893c       0x36 ./USB_DEVICE/Target/usbd_conf.o
                0x000000000800893c                USBD_LL_Start
 .text.USBD_LL_OpenEP
                0x0000000008008972       0x4c ./USB_DEVICE/Target/usbd_conf.o
                0x0000000008008972                USBD_LL_OpenEP
 .text.USBD_LL_CloseEP
                0x00000000080089be       0x3e ./USB_DEVICE/Target/usbd_conf.o
                0x00000000080089be                USBD_LL_CloseEP
 .text.USBD_LL_StallEP
                0x00000000080089fc       0x3e ./USB_DEVICE/Target/usbd_conf.o
                0x00000000080089fc                USBD_LL_StallEP
 .text.USBD_LL_ClearStallEP
                0x0000000008008a3a       0x3e ./USB_DEVICE/Target/usbd_conf.o
                0x0000000008008a3a                USBD_LL_ClearStallEP
 .text.USBD_LL_IsStallEP
                0x0000000008008a78       0x58 ./USB_DEVICE/Target/usbd_conf.o
                0x0000000008008a78                USBD_LL_IsStallEP
 .text.USBD_LL_SetUSBAddress
                0x0000000008008ad0       0x3e ./USB_DEVICE/Target/usbd_conf.o
                0x0000000008008ad0                USBD_LL_SetUSBAddress
 .text.USBD_LL_Transmit
                0x0000000008008b0e       0x42 ./USB_DEVICE/Target/usbd_conf.o
                0x0000000008008b0e                USBD_LL_Transmit
 .text.USBD_LL_PrepareReceive
                0x0000000008008b50       0x42 ./USB_DEVICE/Target/usbd_conf.o
                0x0000000008008b50                USBD_LL_PrepareReceive
 .text.USBD_LL_GetRxDataSize
                0x0000000008008b92       0x26 ./USB_DEVICE/Target/usbd_conf.o
                0x0000000008008b92                USBD_LL_GetRxDataSize
 .text.HAL_PCDEx_LPM_Callback
                0x0000000008008bb8       0x9c ./USB_DEVICE/Target/usbd_conf.o
                0x0000000008008bb8                HAL_PCDEx_LPM_Callback
 .text.SystemClockConfig_Resume
                0x0000000008008c54        0xc ./USB_DEVICE/Target/usbd_conf.o
 .text.USBD_Get_USB_Status
                0x0000000008008c60       0x58 ./USB_DEVICE/Target/usbd_conf.o
                0x0000000008008c60                USBD_Get_USB_Status
 .text.__errno  0x0000000008008cb8        0xc c:/st/stm32cubeide_1.7.0/stm32cubeide/plugins/com.st.stm32cube.ide.mcu.externaltools.gnu-tools-for-stm32.9-2020-q2-update.win32_2.0.0.202105311346/tools/bin/../lib/gcc/arm-none-eabi/9.3.1/../../../../arm-none-eabi/lib/thumb/v7e-m+fp/hard\libc_nano.a(lib_a-errno.o)
                0x0000000008008cb8                __errno
 .text.__libc_init_array
                0x0000000008008cc4       0x48 c:/st/stm32cubeide_1.7.0/stm32cubeide/plugins/com.st.stm32cube.ide.mcu.externaltools.gnu-tools-for-stm32.9-2020-q2-update.win32_2.0.0.202105311346/tools/bin/../lib/gcc/arm-none-eabi/9.3.1/../../../../arm-none-eabi/lib/thumb/v7e-m+fp/hard\libc_nano.a(lib_a-init.o)
                0x0000000008008cc4                __libc_init_array
 .text.malloc   0x0000000008008d0c       0x10 c:/st/stm32cubeide_1.7.0/stm32cubeide/plugins/com.st.stm32cube.ide.mcu.externaltools.gnu-tools-for-stm32.9-2020-q2-update.win32_2.0.0.202105311346/tools/bin/../lib/gcc/arm-none-eabi/9.3.1/../../../../arm-none-eabi/lib/thumb/v7e-m+fp/hard\libc_nano.a(lib_a-malloc.o)
                0x0000000008008d0c                malloc
 .text.free     0x0000000008008d1c       0x10 c:/st/stm32cubeide_1.7.0/stm32cubeide/plugins/com.st.stm32cube.ide.mcu.externaltools.gnu-tools-for-stm32.9-2020-q2-update.win32_2.0.0.202105311346/tools/bin/../lib/gcc/arm-none-eabi/9.3.1/../../../../arm-none-eabi/lib/thumb/v7e-m+fp/hard\libc_nano.a(lib_a-malloc.o)
                0x0000000008008d1c                free
 .text.memset   0x0000000008008d2c       0x10 c:/st/stm32cubeide_1.7.0/stm32cubeide/plugins/com.st.stm32cube.ide.mcu.externaltools.gnu-tools-for-stm32.9-2020-q2-update.win32_2.0.0.202105311346/tools/bin/../lib/gcc/arm-none-eabi/9.3.1/../../../../arm-none-eabi/lib/thumb/v7e-m+fp/hard\libc_nano.a(lib_a-memset.o)
                0x0000000008008d2c                memset
 .text._free_r  0x0000000008008d3c       0xa0 c:/st/stm32cubeide_1.7.0/stm32cubeide/plugins/com.st.stm32cube.ide.mcu.externaltools.gnu-tools-for-stm32.9-2020-q2-update.win32_2.0.0.202105311346/tools/bin/../lib/gcc/arm-none-eabi/9.3.1/../../../../arm-none-eabi/lib/thumb/v7e-m+fp/hard\libc_nano.a(lib_a-nano-freer.o)
                0x0000000008008d3c                _free_r
 .text._malloc_r
                0x0000000008008ddc       0xb4 c:/st/stm32cubeide_1.7.0/stm32cubeide/plugins/com.st.stm32cube.ide.mcu.externaltools.gnu-tools-for-stm32.9-2020-q2-update.win32_2.0.0.202105311346/tools/bin/../lib/gcc/arm-none-eabi/9.3.1/../../../../arm-none-eabi/lib/thumb/v7e-m+fp/hard\libc_nano.a(lib_a-nano-mallocr.o)
                0x0000000008008ddc                _malloc_r
 .text._sbrk_r  0x0000000008008e90       0x20 c:/st/stm32cubeide_1.7.0/stm32cubeide/plugins/com.st.stm32cube.ide.mcu.externaltools.gnu-tools-for-stm32.9-2020-q2-update.win32_2.0.0.202105311346/tools/bin/../lib/gcc/arm-none-eabi/9.3.1/../../../../arm-none-eabi/lib/thumb/v7e-m+fp/hard\libc_nano.a(lib_a-sbrkr.o)
                0x0000000008008e90                _sbrk_r
 .text.__malloc_lock
                0x0000000008008eb0        0xc c:/st/stm32cubeide_1.7.0/stm32cubeide/plugins/com.st.stm32cube.ide.mcu.externaltools.gnu-tools-for-stm32.9-2020-q2-update.win32_2.0.0.202105311346/tools/bin/../lib/gcc/arm-none-eabi/9.3.1/../../../../arm-none-eabi/lib/thumb/v7e-m+fp/hard\libc_nano.a(lib_a-mlock.o)
                0x0000000008008eb0                __malloc_lock
 .text.__malloc_unlock
                0x0000000008008ebc        0xc c:/st/stm32cubeide_1.7.0/stm32cubeide/plugins/com.st.stm32cube.ide.mcu.externaltools.gnu-tools-for-stm32.9-2020-q2-update.win32_2.0.0.202105311346/tools/bin/../lib/gcc/arm-none-eabi/9.3.1/../../../../arm-none-eabi/lib/thumb/v7e-m+fp/hard\libc_nano.a(lib_a-mlock.o)
                0x0000000008008ebc                __malloc_unlock
 .text.__retarget_lock_acquire_recursive
                0x0000000008008ec8        0x2 c:/st/stm32cubeide_1.7.0/stm32cubeide/plugins/com.st.stm32cube.ide.mcu.externaltools.gnu-tools-for-stm32.9-2020-q2-update.win32_2.0.0.202105311346/tools/bin/../lib/gcc/arm-none-eabi/9.3.1/../../../../arm-none-eabi/lib/thumb/v7e-m+fp/hard\libc_nano.a(lib_a-lock.o)
                0x0000000008008ec8                __retarget_lock_acquire_recursive
 .text.__retarget_lock_release_recursive
                0x0000000008008eca        0x2 c:/st/stm32cubeide_1.7.0/stm32cubeide/plugins/com.st.stm32cube.ide.mcu.externaltools.gnu-tools-for-stm32.9-2020-q2-update.win32_2.0.0.202105311346/tools/bin/../lib/gcc/arm-none-eabi/9.3.1/../../../../arm-none-eabi/lib/thumb/v7e-m+fp/hard\libc_nano.a(lib_a-lock.o)
                0x0000000008008eca                __retarget_lock_release_recursive
 *(.glue_7)
 .glue_7        0x0000000008008ecc        0x0 linker stubs
 *(.glue_7t)
 .glue_7t       0x0000000008008ecc        0x0 linker stubs
 *(.eh_frame)
 .eh_frame      0x0000000008008ecc        0x0 c:/st/stm32cubeide_1.7.0/stm32cubeide/plugins/com.st.stm32cube.ide.mcu.externaltools.gnu-tools-for-stm32.9-2020-q2-update.win32_2.0.0.202105311346/tools/bin/../lib/gcc/arm-none-eabi/9.3.1/thumb/v7e-m+fp/hard/crtbegin.o
 *(.init)
 .init          0x0000000008008ecc        0x4 c:/st/stm32cubeide_1.7.0/stm32cubeide/plugins/com.st.stm32cube.ide.mcu.externaltools.gnu-tools-for-stm32.9-2020-q2-update.win32_2.0.0.202105311346/tools/bin/../lib/gcc/arm-none-eabi/9.3.1/thumb/v7e-m+fp/hard/crti.o
                0x0000000008008ecc                _init
 .init          0x0000000008008ed0        0x8 c:/st/stm32cubeide_1.7.0/stm32cubeide/plugins/com.st.stm32cube.ide.mcu.externaltools.gnu-tools-for-stm32.9-2020-q2-update.win32_2.0.0.202105311346/tools/bin/../lib/gcc/arm-none-eabi/9.3.1/thumb/v7e-m+fp/hard/crtn.o
 *(.fini)
 .fini          0x0000000008008ed8        0x4 c:/st/stm32cubeide_1.7.0/stm32cubeide/plugins/com.st.stm32cube.ide.mcu.externaltools.gnu-tools-for-stm32.9-2020-q2-update.win32_2.0.0.202105311346/tools/bin/../lib/gcc/arm-none-eabi/9.3.1/thumb/v7e-m+fp/hard/crti.o
                0x0000000008008ed8                _fini
 .fini          0x0000000008008edc        0x8 c:/st/stm32cubeide_1.7.0/stm32cubeide/plugins/com.st.stm32cube.ide.mcu.externaltools.gnu-tools-for-stm32.9-2020-q2-update.win32_2.0.0.202105311346/tools/bin/../lib/gcc/arm-none-eabi/9.3.1/thumb/v7e-m+fp/hard/crtn.o
                0x0000000008008ee4                . = ALIGN (0x4)
                0x0000000008008ee4                _etext = .

.vfp11_veneer   0x0000000008008ee4        0x0
 .vfp11_veneer  0x0000000008008ee4        0x0 linker stubs

.v4_bx          0x0000000008008ee4        0x0
 .v4_bx         0x0000000008008ee4        0x0 linker stubs

.iplt           0x0000000008008ee4        0x0
 .iplt          0x0000000008008ee4        0x0 c:/st/stm32cubeide_1.7.0/stm32cubeide/plugins/com.st.stm32cube.ide.mcu.externaltools.gnu-tools-for-stm32.9-2020-q2-update.win32_2.0.0.202105311346/tools/bin/../lib/gcc/arm-none-eabi/9.3.1/thumb/v7e-m+fp/hard/crtbegin.o

.rodata         0x0000000008008ee4       0xe8
                0x0000000008008ee4                . = ALIGN (0x4)
 *(.rodata)
 .rodata        0x0000000008008ee4       0x50 ./Core/Src/main.o
 .rodata        0x0000000008008f34       0x35 ./USB_DEVICE/App/usbd_cdc_if.o
 *fill*         0x0000000008008f69        0x3 
 .rodata        0x0000000008008f6c       0x46 ./USB_DEVICE/App/usbd_desc.o
 *(.rodata*)
 *fill*         0x0000000008008fb2        0x2 
 .rodata.AHBPrescTable
                0x0000000008008fb4       0x10 ./Core/Src/system_stm32f7xx.o
                0x0000000008008fb4                AHBPrescTable
 .rodata.APBPrescTable
                0x0000000008008fc4        0x8 ./Core/Src/system_stm32f7xx.o
                0x0000000008008fc4                APBPrescTable
                0x0000000008008fcc                . = ALIGN (0x4)

.ARM.extab      0x0000000008008fcc        0x0
                0x0000000008008fcc                . = ALIGN (0x4)
 *(.ARM.extab* .gnu.linkonce.armextab.*)
                0x0000000008008fcc                . = ALIGN (0x4)

.ARM            0x0000000008008fcc        0x8
                0x0000000008008fcc                . = ALIGN (0x4)
                0x0000000008008fcc                __exidx_start = .
 *(.ARM.exidx*)
 .ARM.exidx     0x0000000008008fcc        0x8 c:/st/stm32cubeide_1.7.0/stm32cubeide/plugins/com.st.stm32cube.ide.mcu.externaltools.gnu-tools-for-stm32.9-2020-q2-update.win32_2.0.0.202105311346/tools/bin/../lib/gcc/arm-none-eabi/9.3.1/thumb/v7e-m+fp/hard\libgcc.a(_udivmoddi4.o)
                0x0000000008008fd4                __exidx_end = .
                0x0000000008008fd4                . = ALIGN (0x4)

.rel.dyn        0x0000000008008fd4        0x0
 .rel.iplt      0x0000000008008fd4        0x0 c:/st/stm32cubeide_1.7.0/stm32cubeide/plugins/com.st.stm32cube.ide.mcu.externaltools.gnu-tools-for-stm32.9-2020-q2-update.win32_2.0.0.202105311346/tools/bin/../lib/gcc/arm-none-eabi/9.3.1/thumb/v7e-m+fp/hard/crtbegin.o

.preinit_array  0x0000000008008fd4        0x0
                0x0000000008008fd4                . = ALIGN (0x4)
                0x0000000008008fd4                PROVIDE (__preinit_array_start = .)
 *(.preinit_array*)
                0x0000000008008fd4                PROVIDE (__preinit_array_end = .)
                0x0000000008008fd4                . = ALIGN (0x4)

.init_array     0x0000000008008fd4        0x4
                0x0000000008008fd4                . = ALIGN (0x4)
                0x0000000008008fd4                PROVIDE (__init_array_start = .)
 *(SORT_BY_NAME(.init_array.*))
 *(.init_array*)
 .init_array    0x0000000008008fd4        0x4 c:/st/stm32cubeide_1.7.0/stm32cubeide/plugins/com.st.stm32cube.ide.mcu.externaltools.gnu-tools-for-stm32.9-2020-q2-update.win32_2.0.0.202105311346/tools/bin/../lib/gcc/arm-none-eabi/9.3.1/thumb/v7e-m+fp/hard/crtbegin.o
                0x0000000008008fd8                PROVIDE (__init_array_end = .)
                0x0000000008008fd8                . = ALIGN (0x4)

.fini_array     0x0000000008008fd8        0x4
                0x0000000008008fd8                . = ALIGN (0x4)
                [!provide]                        PROVIDE (__fini_array_start = .)
 *(SORT_BY_NAME(.fini_array.*))
 *(.fini_array*)
 .fini_array    0x0000000008008fd8        0x4 c:/st/stm32cubeide_1.7.0/stm32cubeide/plugins/com.st.stm32cube.ide.mcu.externaltools.gnu-tools-for-stm32.9-2020-q2-update.win32_2.0.0.202105311346/tools/bin/../lib/gcc/arm-none-eabi/9.3.1/thumb/v7e-m+fp/hard/crtbegin.o
                [!provide]                        PROVIDE (__fini_array_end = .)
                0x0000000008008fdc                . = ALIGN (0x4)
                0x0000000008008fdc                _sidata = LOADADDR (.data)

.data           0x0000000020000000      0x1f4 load address 0x0000000008008fdc
                0x0000000020000000                . = ALIGN (0x4)
                0x0000000020000000                _sdata = .
 *(.data)
 *(.data*)
 .data.SystemCoreClock
                0x0000000020000000        0x4 ./Core/Src/system_stm32f7xx.o
                0x0000000020000000                SystemCoreClock
 .data.uwTickPrio
                0x0000000020000004        0x4 ./Drivers/STM32F7xx_HAL_Driver/Src/stm32f7xx_hal.o
                0x0000000020000004                uwTickPrio
 .data.uwTickFreq
                0x0000000020000008        0x1 ./Drivers/STM32F7xx_HAL_Driver/Src/stm32f7xx_hal.o
                0x0000000020000008                uwTickFreq
 *fill*         0x0000000020000009        0x3 
 .data.USBD_CDC_DeviceQualifierDesc
                0x000000002000000c        0xa ./Middlewares/ST/STM32_USB_Device_Library/Class/CDC/Src/usbd_cdc.o
 *fill*         0x0000000020000016        0x2 
 .data.USBD_CDC
                0x0000000020000018       0x38 ./Middlewares/ST/STM32_USB_Device_Library/Class/CDC/Src/usbd_cdc.o
                0x0000000020000018                USBD_CDC
 .data.USBD_CDC_CfgHSDesc
                0x0000000020000050       0x43 ./Middlewares/ST/STM32_USB_Device_Library/Class/CDC/Src/usbd_cdc.o
 *fill*         0x0000000020000093        0x1 
 .data.USBD_CDC_CfgFSDesc
                0x0000000020000094       0x43 ./Middlewares/ST/STM32_USB_Device_Library/Class/CDC/Src/usbd_cdc.o
 *fill*         0x00000000200000d7        0x1 
 .data.USBD_CDC_OtherSpeedCfgDesc
                0x00000000200000d8       0x43 ./Middlewares/ST/STM32_USB_Device_Library/Class/CDC/Src/usbd_cdc.o
 *fill*         0x000000002000011b        0x1 
 .data.USBD_Interface_fops_FS
                0x000000002000011c       0x14 ./USB_DEVICE/App/usbd_cdc_if.o
                0x000000002000011c                USBD_Interface_fops_FS
 .data.FS_Desc  0x0000000020000130       0x20 ./USB_DEVICE/App/usbd_desc.o
                0x0000000020000130                FS_Desc
 .data.USBD_FS_DeviceDesc
                0x0000000020000150       0x12 ./USB_DEVICE/App/usbd_desc.o
                0x0000000020000150                USBD_FS_DeviceDesc
 *fill*         0x0000000020000162        0x2 
 .data.USBD_FS_BOSDesc
                0x0000000020000164        0xc ./USB_DEVICE/App/usbd_desc.o
                0x0000000020000164                USBD_FS_BOSDesc
 .data.USBD_LangIDDesc
                0x0000000020000170        0x4 ./USB_DEVICE/App/usbd_desc.o
                0x0000000020000170                USBD_LangIDDesc
 .data.USBD_StringSerial
                0x0000000020000174       0x1a ./USB_DEVICE/App/usbd_desc.o
                0x0000000020000174                USBD_StringSerial
 *fill*         0x000000002000018e        0x2 
 .data._impure_ptr
                0x0000000020000190        0x4 c:/st/stm32cubeide_1.7.0/stm32cubeide/plugins/com.st.stm32cube.ide.mcu.externaltools.gnu-tools-for-stm32.9-2020-q2-update.win32_2.0.0.202105311346/tools/bin/../lib/gcc/arm-none-eabi/9.3.1/../../../../arm-none-eabi/lib/thumb/v7e-m+fp/hard\libc_nano.a(lib_a-impure.o)
                0x0000000020000190                _impure_ptr
 .data.impure_data
                0x0000000020000194       0x60 c:/st/stm32cubeide_1.7.0/stm32cubeide/plugins/com.st.stm32cube.ide.mcu.externaltools.gnu-tools-for-stm32.9-2020-q2-update.win32_2.0.0.202105311346/tools/bin/../lib/gcc/arm-none-eabi/9.3.1/../../../../arm-none-eabi/lib/thumb/v7e-m+fp/hard\libc_nano.a(lib_a-impure.o)
 *(.RamFunc)
 *(.RamFunc*)
                0x00000000200001f4                . = ALIGN (0x4)
                0x00000000200001f4                _edata = .

.igot.plt       0x00000000200001f4        0x0 load address 0x00000000080091d0
 .igot.plt      0x00000000200001f4        0x0 c:/st/stm32cubeide_1.7.0/stm32cubeide/plugins/com.st.stm32cube.ide.mcu.externaltools.gnu-tools-for-stm32.9-2020-q2-update.win32_2.0.0.202105311346/tools/bin/../lib/gcc/arm-none-eabi/9.3.1/thumb/v7e-m+fp/hard/crtbegin.o
                0x00000000200001f4                . = ALIGN (0x4)

.bss            0x00000000200001f4     0x1bf0 load address 0x00000000080091d0
                0x00000000200001f4                _sbss = .
                0x00000000200001f4                __bss_start__ = _sbss
 *(.bss)
 .bss           0x00000000200001f4       0x1c c:/st/stm32cubeide_1.7.0/stm32cubeide/plugins/com.st.stm32cube.ide.mcu.externaltools.gnu-tools-for-stm32.9-2020-q2-update.win32_2.0.0.202105311346/tools/bin/../lib/gcc/arm-none-eabi/9.3.1/thumb/v7e-m+fp/hard/crtbegin.o
 *(.bss*)
 .bss.__sbrk_heap_end
                0x0000000020000210        0x4 ./Core/Src/sysmem.o
 .bss.cfgidx.11206
                0x0000000020000214        0x1 ./Middlewares/ST/STM32_USB_Device_Library/Core/Src/usbd_ctlreq.o
 *fill*         0x0000000020000215        0x3 
 .bss.receive   0x0000000020000218      0x194 ./USB_DEVICE/App/usbd_cdc_if.o
                0x0000000020000218                receive
 .bss.__malloc_free_list
                0x00000000200003ac        0x4 c:/st/stm32cubeide_1.7.0/stm32cubeide/plugins/com.st.stm32cube.ide.mcu.externaltools.gnu-tools-for-stm32.9-2020-q2-update.win32_2.0.0.202105311346/tools/bin/../lib/gcc/arm-none-eabi/9.3.1/../../../../arm-none-eabi/lib/thumb/v7e-m+fp/hard\libc_nano.a(lib_a-nano-mallocr.o)
                0x00000000200003ac                __malloc_free_list
 .bss.__malloc_sbrk_start
                0x00000000200003b0        0x4 c:/st/stm32cubeide_1.7.0/stm32cubeide/plugins/com.st.stm32cube.ide.mcu.externaltools.gnu-tools-for-stm32.9-2020-q2-update.win32_2.0.0.202105311346/tools/bin/../lib/gcc/arm-none-eabi/9.3.1/../../../../arm-none-eabi/lib/thumb/v7e-m+fp/hard\libc_nano.a(lib_a-nano-mallocr.o)
                0x00000000200003b0                __malloc_sbrk_start
 *(COMMON)
 COMMON         0x00000000200003b4      0x144 ./Core/Src/main.o
                0x00000000200003b4                huart3
                0x0000000020000438                DDS_CH1
                0x0000000020000440                hspi1
                0x00000000200004a4                htim2
                0x00000000200004f0                DDS_CH2
 COMMON         0x00000000200004f8        0x4 ./Drivers/STM32F7xx_HAL_Driver/Src/stm32f7xx_hal.o
                0x00000000200004f8                uwTick
 COMMON         0x00000000200004fc      0x2d0 ./USB_DEVICE/App/usb_device.o
                0x00000000200004fc                hUsbDeviceFS
 COMMON         0x00000000200007cc     0x1004 ./USB_DEVICE/App/usbd_cdc_if.o
                0x00000000200007cc                UserRxBufferFS
                0x0000000020000fcc                received_data
                0x0000000020000fd0                UserTxBufferFS
 COMMON         0x00000000200017d0      0x200 ./USB_DEVICE/App/usbd_desc.o
                0x00000000200017d0                USBD_StrDesc
 COMMON         0x00000000200019d0      0x404 ./USB_DEVICE/Target/usbd_conf.o
                0x00000000200019d0                hpcd_USB_OTG_FS
 COMMON         0x0000000020001dd4        0x4 c:/st/stm32cubeide_1.7.0/stm32cubeide/plugins/com.st.stm32cube.ide.mcu.externaltools.gnu-tools-for-stm32.9-2020-q2-update.win32_2.0.0.202105311346/tools/bin/../lib/gcc/arm-none-eabi/9.3.1/../../../../arm-none-eabi/lib/thumb/v7e-m+fp/hard\libc_nano.a(lib_a-reent.o)
                0x0000000020001dd4                errno
 COMMON         0x0000000020001dd8        0x9 c:/st/stm32cubeide_1.7.0/stm32cubeide/plugins/com.st.stm32cube.ide.mcu.externaltools.gnu-tools-for-stm32.9-2020-q2-update.win32_2.0.0.202105311346/tools/bin/../lib/gcc/arm-none-eabi/9.3.1/../../../../arm-none-eabi/lib/thumb/v7e-m+fp/hard\libc_nano.a(lib_a-lock.o)
                0x0000000020001dd8                __lock___atexit_recursive_mutex
                0x0000000020001dd9                __lock___arc4random_mutex
                0x0000000020001dda                __lock___env_recursive_mutex
                0x0000000020001ddb                __lock___sinit_recursive_mutex
                0x0000000020001ddc                __lock___malloc_recursive_mutex
                0x0000000020001ddd                __lock___at_quick_exit_mutex
                0x0000000020001dde                __lock___dd_hash_mutex
                0x0000000020001ddf                __lock___tz_mutex
                0x0000000020001de0                __lock___sfp_recursive_mutex
                0x0000000020001de4                . = ALIGN (0x4)
 *fill*         0x0000000020001de1        0x3 
                0x0000000020001de4                _ebss = .
                0x0000000020001de4                __bss_end__ = _ebss

._user_heap_stack
                0x0000000020001de4      0x604 load address 0x00000000080091d0
                0x0000000020001de8                . = ALIGN (0x8)
 *fill*         0x0000000020001de4        0x4 
                [!provide]                        PROVIDE (end = .)
                0x0000000020001de8                PROVIDE (_end = .)
                0x0000000020001fe8                . = (. + _Min_Heap_Size)
 *fill*         0x0000000020001de8      0x200 
                0x00000000200023e8                . = (. + _Min_Stack_Size)
 *fill*         0x0000000020001fe8      0x400 
                0x00000000200023e8                . = ALIGN (0x8)

/DISCARD/
 libc.a(*)
 libm.a(*)
 libgcc.a(*)

.ARM.attributes
                0x0000000000000000       0x30
 *(.ARM.attributes)
 .ARM.attributes
                0x0000000000000000       0x1e c:/st/stm32cubeide_1.7.0/stm32cubeide/plugins/com.st.stm32cube.ide.mcu.externaltools.gnu-tools-for-stm32.9-2020-q2-update.win32_2.0.0.202105311346/tools/bin/../lib/gcc/arm-none-eabi/9.3.1/thumb/v7e-m+fp/hard/crti.o
 .ARM.attributes
                0x000000000000001e       0x34 c:/st/stm32cubeide_1.7.0/stm32cubeide/plugins/com.st.stm32cube.ide.mcu.externaltools.gnu-tools-for-stm32.9-2020-q2-update.win32_2.0.0.202105311346/tools/bin/../lib/gcc/arm-none-eabi/9.3.1/thumb/v7e-m+fp/hard/crtbegin.o
 .ARM.attributes
                0x0000000000000052       0x34 ./Core/Src/main.o
 .ARM.attributes
                0x0000000000000086       0x34 ./Core/Src/stm32f7xx_hal_msp.o
 .ARM.attributes
                0x00000000000000ba       0x34 ./Core/Src/stm32f7xx_it.o
 .ARM.attributes
                0x00000000000000ee       0x34 ./Core/Src/sysmem.o
 .ARM.attributes
                0x0000000000000122       0x34 ./Core/Src/system_stm32f7xx.o
 .ARM.attributes
                0x0000000000000156       0x21 ./Core/Startup/startup_stm32f722zetx.o
 .ARM.attributes
                0x0000000000000177       0x34 ./Drivers/STM32F7xx_HAL_Driver/Src/stm32f7xx_hal.o
 .ARM.attributes
                0x00000000000001ab       0x34 ./Drivers/STM32F7xx_HAL_Driver/Src/stm32f7xx_hal_cortex.o
 .ARM.attributes
                0x00000000000001df       0x34 ./Drivers/STM32F7xx_HAL_Driver/Src/stm32f7xx_hal_gpio.o
 .ARM.attributes
                0x0000000000000213       0x34 ./Drivers/STM32F7xx_HAL_Driver/Src/stm32f7xx_hal_pcd.o
 .ARM.attributes
                0x0000000000000247       0x34 ./Drivers/STM32F7xx_HAL_Driver/Src/stm32f7xx_hal_pcd_ex.o
 .ARM.attributes
                0x000000000000027b       0x34 ./Drivers/STM32F7xx_HAL_Driver/Src/stm32f7xx_hal_pwr.o
 .ARM.attributes
                0x00000000000002af       0x34 ./Drivers/STM32F7xx_HAL_Driver/Src/stm32f7xx_hal_pwr_ex.o
 .ARM.attributes
                0x00000000000002e3       0x34 ./Drivers/STM32F7xx_HAL_Driver/Src/stm32f7xx_hal_rcc.o
 .ARM.attributes
                0x0000000000000317       0x34 ./Drivers/STM32F7xx_HAL_Driver/Src/stm32f7xx_hal_rcc_ex.o
 .ARM.attributes
                0x000000000000034b       0x34 ./Drivers/STM32F7xx_HAL_Driver/Src/stm32f7xx_hal_spi.o
 .ARM.attributes
                0x000000000000037f       0x34 ./Drivers/STM32F7xx_HAL_Driver/Src/stm32f7xx_hal_tim.o
 .ARM.attributes
                0x00000000000003b3       0x34 ./Drivers/STM32F7xx_HAL_Driver/Src/stm32f7xx_hal_tim_ex.o
 .ARM.attributes
                0x00000000000003e7       0x34 ./Drivers/STM32F7xx_HAL_Driver/Src/stm32f7xx_hal_uart.o
 .ARM.attributes
                0x000000000000041b       0x34 ./Drivers/STM32F7xx_HAL_Driver/Src/stm32f7xx_ll_usb.o
 .ARM.attributes
                0x000000000000044f       0x34 ./Middlewares/ST/STM32_USB_Device_Library/Class/CDC/Src/usbd_cdc.o
 .ARM.attributes
                0x0000000000000483       0x34 ./Middlewares/ST/STM32_USB_Device_Library/Core/Src/usbd_core.o
 .ARM.attributes
                0x00000000000004b7       0x34 ./Middlewares/ST/STM32_USB_Device_Library/Core/Src/usbd_ctlreq.o
 .ARM.attributes
                0x00000000000004eb       0x34 ./Middlewares/ST/STM32_USB_Device_Library/Core/Src/usbd_ioreq.o
 .ARM.attributes
                0x000000000000051f       0x34 ./USB_DEVICE/App/usb_device.o
 .ARM.attributes
                0x0000000000000553       0x34 ./USB_DEVICE/App/usbd_cdc_if.o
 .ARM.attributes
                0x0000000000000587       0x34 ./USB_DEVICE/App/usbd_desc.o
 .ARM.attributes
                0x00000000000005bb       0x34 ./USB_DEVICE/Target/usbd_conf.o
 .ARM.attributes
                0x00000000000005ef       0x34 c:/st/stm32cubeide_1.7.0/stm32cubeide/plugins/com.st.stm32cube.ide.mcu.externaltools.gnu-tools-for-stm32.9-2020-q2-update.win32_2.0.0.202105311346/tools/bin/../lib/gcc/arm-none-eabi/9.3.1/../../../../arm-none-eabi/lib/thumb/v7e-m+fp/hard\libc_nano.a(lib_a-errno.o)
 .ARM.attributes
                0x0000000000000623       0x32 c:/st/stm32cubeide_1.7.0/stm32cubeide/plugins/com.st.stm32cube.ide.mcu.externaltools.gnu-tools-for-stm32.9-2020-q2-update.win32_2.0.0.202105311346/tools/bin/../lib/gcc/arm-none-eabi/9.3.1/../../../../arm-none-eabi/lib/thumb/v7e-m+fp/hard\libc_nano.a(lib_a-impure.o)
 .ARM.attributes
                0x0000000000000655       0x34 c:/st/stm32cubeide_1.7.0/stm32cubeide/plugins/com.st.stm32cube.ide.mcu.externaltools.gnu-tools-for-stm32.9-2020-q2-update.win32_2.0.0.202105311346/tools/bin/../lib/gcc/arm-none-eabi/9.3.1/../../../../arm-none-eabi/lib/thumb/v7e-m+fp/hard\libc_nano.a(lib_a-init.o)
 .ARM.attributes
                0x0000000000000689       0x34 c:/st/stm32cubeide_1.7.0/stm32cubeide/plugins/com.st.stm32cube.ide.mcu.externaltools.gnu-tools-for-stm32.9-2020-q2-update.win32_2.0.0.202105311346/tools/bin/../lib/gcc/arm-none-eabi/9.3.1/../../../../arm-none-eabi/lib/thumb/v7e-m+fp/hard\libc_nano.a(lib_a-malloc.o)
 .ARM.attributes
                0x00000000000006bd       0x34 c:/st/stm32cubeide_1.7.0/stm32cubeide/plugins/com.st.stm32cube.ide.mcu.externaltools.gnu-tools-for-stm32.9-2020-q2-update.win32_2.0.0.202105311346/tools/bin/../lib/gcc/arm-none-eabi/9.3.1/../../../../arm-none-eabi/lib/thumb/v7e-m+fp/hard\libc_nano.a(lib_a-memset.o)
 .ARM.attributes
                0x00000000000006f1       0x34 c:/st/stm32cubeide_1.7.0/stm32cubeide/plugins/com.st.stm32cube.ide.mcu.externaltools.gnu-tools-for-stm32.9-2020-q2-update.win32_2.0.0.202105311346/tools/bin/../lib/gcc/arm-none-eabi/9.3.1/../../../../arm-none-eabi/lib/thumb/v7e-m+fp/hard\libc_nano.a(lib_a-nano-freer.o)
 .ARM.attributes
                0x0000000000000725       0x34 c:/st/stm32cubeide_1.7.0/stm32cubeide/plugins/com.st.stm32cube.ide.mcu.externaltools.gnu-tools-for-stm32.9-2020-q2-update.win32_2.0.0.202105311346/tools/bin/../lib/gcc/arm-none-eabi/9.3.1/../../../../arm-none-eabi/lib/thumb/v7e-m+fp/hard\libc_nano.a(lib_a-nano-mallocr.o)
 .ARM.attributes
                0x0000000000000759       0x34 c:/st/stm32cubeide_1.7.0/stm32cubeide/plugins/com.st.stm32cube.ide.mcu.externaltools.gnu-tools-for-stm32.9-2020-q2-update.win32_2.0.0.202105311346/tools/bin/../lib/gcc/arm-none-eabi/9.3.1/../../../../arm-none-eabi/lib/thumb/v7e-m+fp/hard\libc_nano.a(lib_a-sbrkr.o)
 .ARM.attributes
                0x000000000000078d       0x17 c:/st/stm32cubeide_1.7.0/stm32cubeide/plugins/com.st.stm32cube.ide.mcu.externaltools.gnu-tools-for-stm32.9-2020-q2-update.win32_2.0.0.202105311346/tools/bin/../lib/gcc/arm-none-eabi/9.3.1/../../../../arm-none-eabi/lib/thumb/v7e-m+fp/hard\libc_nano.a(lib_a-strlen.o)
 .ARM.attributes
                0x00000000000007a4       0x34 c:/st/stm32cubeide_1.7.0/stm32cubeide/plugins/com.st.stm32cube.ide.mcu.externaltools.gnu-tools-for-stm32.9-2020-q2-update.win32_2.0.0.202105311346/tools/bin/../lib/gcc/arm-none-eabi/9.3.1/../../../../arm-none-eabi/lib/thumb/v7e-m+fp/hard\libc_nano.a(lib_a-mlock.o)
 .ARM.attributes
                0x00000000000007d8       0x34 c:/st/stm32cubeide_1.7.0/stm32cubeide/plugins/com.st.stm32cube.ide.mcu.externaltools.gnu-tools-for-stm32.9-2020-q2-update.win32_2.0.0.202105311346/tools/bin/../lib/gcc/arm-none-eabi/9.3.1/../../../../arm-none-eabi/lib/thumb/v7e-m+fp/hard\libc_nano.a(lib_a-reent.o)
 .ARM.attributes
                0x000000000000080c       0x34 c:/st/stm32cubeide_1.7.0/stm32cubeide/plugins/com.st.stm32cube.ide.mcu.externaltools.gnu-tools-for-stm32.9-2020-q2-update.win32_2.0.0.202105311346/tools/bin/../lib/gcc/arm-none-eabi/9.3.1/../../../../arm-none-eabi/lib/thumb/v7e-m+fp/hard\libc_nano.a(lib_a-lock.o)
 .ARM.attributes
                0x0000000000000840       0x1e c:/st/stm32cubeide_1.7.0/stm32cubeide/plugins/com.st.stm32cube.ide.mcu.externaltools.gnu-tools-for-stm32.9-2020-q2-update.win32_2.0.0.202105311346/tools/bin/../lib/gcc/arm-none-eabi/9.3.1/thumb/v7e-m+fp/hard\libgcc.a(_arm_muldf3.o)
 .ARM.attributes
                0x000000000000085e       0x1e c:/st/stm32cubeide_1.7.0/stm32cubeide/plugins/com.st.stm32cube.ide.mcu.externaltools.gnu-tools-for-stm32.9-2020-q2-update.win32_2.0.0.202105311346/tools/bin/../lib/gcc/arm-none-eabi/9.3.1/thumb/v7e-m+fp/hard\libgcc.a(_arm_addsubdf3.o)
 .ARM.attributes
                0x000000000000087c       0x1e c:/st/stm32cubeide_1.7.0/stm32cubeide/plugins/com.st.stm32cube.ide.mcu.externaltools.gnu-tools-for-stm32.9-2020-q2-update.win32_2.0.0.202105311346/tools/bin/../lib/gcc/arm-none-eabi/9.3.1/thumb/v7e-m+fp/hard\libgcc.a(_aeabi_uldivmod.o)
 .ARM.attributes
                0x000000000000089a       0x34 c:/st/stm32cubeide_1.7.0/stm32cubeide/plugins/com.st.stm32cube.ide.mcu.externaltools.gnu-tools-for-stm32.9-2020-q2-update.win32_2.0.0.202105311346/tools/bin/../lib/gcc/arm-none-eabi/9.3.1/thumb/v7e-m+fp/hard\libgcc.a(_fixunsdfdi.o)
 .ARM.attributes
                0x00000000000008ce       0x34 c:/st/stm32cubeide_1.7.0/stm32cubeide/plugins/com.st.stm32cube.ide.mcu.externaltools.gnu-tools-for-stm32.9-2020-q2-update.win32_2.0.0.202105311346/tools/bin/../lib/gcc/arm-none-eabi/9.3.1/thumb/v7e-m+fp/hard\libgcc.a(_udivmoddi4.o)
 .ARM.attributes
                0x0000000000000902       0x1e c:/st/stm32cubeide_1.7.0/stm32cubeide/plugins/com.st.stm32cube.ide.mcu.externaltools.gnu-tools-for-stm32.9-2020-q2-update.win32_2.0.0.202105311346/tools/bin/../lib/gcc/arm-none-eabi/9.3.1/thumb/v7e-m+fp/hard\libgcc.a(_dvmd_tls.o)
 .ARM.attributes
                0x0000000000000920       0x1e c:/st/stm32cubeide_1.7.0/stm32cubeide/plugins/com.st.stm32cube.ide.mcu.externaltools.gnu-tools-for-stm32.9-2020-q2-update.win32_2.0.0.202105311346/tools/bin/../lib/gcc/arm-none-eabi/9.3.1/thumb/v7e-m+fp/hard\libgcc.a(_arm_fixunsdfsi.o)
 .ARM.attributes
                0x000000000000093e       0x1e c:/st/stm32cubeide_1.7.0/stm32cubeide/plugins/com.st.stm32cube.ide.mcu.externaltools.gnu-tools-for-stm32.9-2020-q2-update.win32_2.0.0.202105311346/tools/bin/../lib/gcc/arm-none-eabi/9.3.1/thumb/v7e-m+fp/hard/crtn.o
OUTPUT(DDS_Controler.elf elf32-littlearm)
LOAD linker stubs
LOAD c:/st/stm32cubeide_1.7.0/stm32cubeide/plugins/com.st.stm32cube.ide.mcu.externaltools.gnu-tools-for-stm32.9-2020-q2-update.win32_2.0.0.202105311346/tools/bin/../lib/gcc/arm-none-eabi/9.3.1/../../../../arm-none-eabi/lib/thumb/v7e-m+fp/hard\libc.a
LOAD c:/st/stm32cubeide_1.7.0/stm32cubeide/plugins/com.st.stm32cube.ide.mcu.externaltools.gnu-tools-for-stm32.9-2020-q2-update.win32_2.0.0.202105311346/tools/bin/../lib/gcc/arm-none-eabi/9.3.1/../../../../arm-none-eabi/lib/thumb/v7e-m+fp/hard\libm.a
LOAD c:/st/stm32cubeide_1.7.0/stm32cubeide/plugins/com.st.stm32cube.ide.mcu.externaltools.gnu-tools-for-stm32.9-2020-q2-update.win32_2.0.0.202105311346/tools/bin/../lib/gcc/arm-none-eabi/9.3.1/thumb/v7e-m+fp/hard\libgcc.a

.debug_info     0x0000000000000000    0x21e41
 .debug_info    0x0000000000000000     0x2c98 ./Core/Src/main.o
 .debug_info    0x0000000000002c98     0x1251 ./Core/Src/stm32f7xx_hal_msp.o
 .debug_info    0x0000000000003ee9      0x731 ./Core/Src/stm32f7xx_it.o
 .debug_info    0x000000000000461a      0xa25 ./Core/Src/sysmem.o
 .debug_info    0x000000000000503f      0x7ad ./Core/Src/system_stm32f7xx.o
 .debug_info    0x00000000000057ec       0x22 ./Core/Startup/startup_stm32f722zetx.o
 .debug_info    0x000000000000580e      0x9fa ./Drivers/STM32F7xx_HAL_Driver/Src/stm32f7xx_hal.o
 .debug_info    0x0000000000006208     0x10ce ./Drivers/STM32F7xx_HAL_Driver/Src/stm32f7xx_hal_cortex.o
 .debug_info    0x00000000000072d6      0x868 ./Drivers/STM32F7xx_HAL_Driver/Src/stm32f7xx_hal_gpio.o
 .debug_info    0x0000000000007b3e     0x134f ./Drivers/STM32F7xx_HAL_Driver/Src/stm32f7xx_hal_pcd.o
 .debug_info    0x0000000000008e8d      0x88b ./Drivers/STM32F7xx_HAL_Driver/Src/stm32f7xx_hal_pcd_ex.o
 .debug_info    0x0000000000009718      0xa4c ./Drivers/STM32F7xx_HAL_Driver/Src/stm32f7xx_hal_pwr.o
 .debug_info    0x000000000000a164      0x9f6 ./Drivers/STM32F7xx_HAL_Driver/Src/stm32f7xx_hal_pwr_ex.o
 .debug_info    0x000000000000ab5a      0x9da ./Drivers/STM32F7xx_HAL_Driver/Src/stm32f7xx_hal_rcc.o
 .debug_info    0x000000000000b534      0x817 ./Drivers/STM32F7xx_HAL_Driver/Src/stm32f7xx_hal_rcc_ex.o
 .debug_info    0x000000000000bd4b     0x186a ./Drivers/STM32F7xx_HAL_Driver/Src/stm32f7xx_hal_spi.o
 .debug_info    0x000000000000d5b5     0x2d3e ./Drivers/STM32F7xx_HAL_Driver/Src/stm32f7xx_hal_tim.o
 .debug_info    0x00000000000102f3     0x1688 ./Drivers/STM32F7xx_HAL_Driver/Src/stm32f7xx_hal_tim_ex.o
 .debug_info    0x000000000001197b     0x3cd4 ./Drivers/STM32F7xx_HAL_Driver/Src/stm32f7xx_hal_uart.o
 .debug_info    0x000000000001564f     0x1b40 ./Drivers/STM32F7xx_HAL_Driver/Src/stm32f7xx_ll_usb.o
 .debug_info    0x000000000001718f     0x19e5 ./Middlewares/ST/STM32_USB_Device_Library/Class/CDC/Src/usbd_cdc.o
 .debug_info    0x0000000000018b74     0x13b9 ./Middlewares/ST/STM32_USB_Device_Library/Core/Src/usbd_core.o
 .debug_info    0x0000000000019f2d     0x1372 ./Middlewares/ST/STM32_USB_Device_Library/Core/Src/usbd_ctlreq.o
 .debug_info    0x000000000001b29f     0x1094 ./Middlewares/ST/STM32_USB_Device_Library/Core/Src/usbd_ioreq.o
 .debug_info    0x000000000001c333     0x105f ./USB_DEVICE/App/usb_device.o
 .debug_info    0x000000000001d392     0x1383 ./USB_DEVICE/App/usbd_cdc_if.o
 .debug_info    0x000000000001e715     0x1204 ./USB_DEVICE/App/usbd_desc.o
 .debug_info    0x000000000001f919     0x2528 ./USB_DEVICE/Target/usbd_conf.o

.debug_abbrev   0x0000000000000000     0x3fe0
 .debug_abbrev  0x0000000000000000      0x340 ./Core/Src/main.o
 .debug_abbrev  0x0000000000000340      0x1db ./Core/Src/stm32f7xx_hal_msp.o
 .debug_abbrev  0x000000000000051b      0x184 ./Core/Src/stm32f7xx_it.o
 .debug_abbrev  0x000000000000069f      0x1bf ./Core/Src/sysmem.o
 .debug_abbrev  0x000000000000085e      0x165 ./Core/Src/system_stm32f7xx.o
 .debug_abbrev  0x00000000000009c3       0x12 ./Core/Startup/startup_stm32f722zetx.o
 .debug_abbrev  0x00000000000009d5      0x1ed ./Drivers/STM32F7xx_HAL_Driver/Src/stm32f7xx_hal.o
 .debug_abbrev  0x0000000000000bc2      0x33c ./Drivers/STM32F7xx_HAL_Driver/Src/stm32f7xx_hal_cortex.o
 .debug_abbrev  0x0000000000000efe      0x1f1 ./Drivers/STM32F7xx_HAL_Driver/Src/stm32f7xx_hal_gpio.o
 .debug_abbrev  0x00000000000010ef      0x2a0 ./Drivers/STM32F7xx_HAL_Driver/Src/stm32f7xx_hal_pcd.o
 .debug_abbrev  0x000000000000138f      0x1ea ./Drivers/STM32F7xx_HAL_Driver/Src/stm32f7xx_hal_pcd_ex.o
 .debug_abbrev  0x0000000000001579      0x1de ./Drivers/STM32F7xx_HAL_Driver/Src/stm32f7xx_hal_pwr.o
 .debug_abbrev  0x0000000000001757      0x1dc ./Drivers/STM32F7xx_HAL_Driver/Src/stm32f7xx_hal_pwr_ex.o
 .debug_abbrev  0x0000000000001933      0x246 ./Drivers/STM32F7xx_HAL_Driver/Src/stm32f7xx_hal_rcc.o
 .debug_abbrev  0x0000000000001b79      0x1af ./Drivers/STM32F7xx_HAL_Driver/Src/stm32f7xx_hal_rcc_ex.o
 .debug_abbrev  0x0000000000001d28      0x254 ./Drivers/STM32F7xx_HAL_Driver/Src/stm32f7xx_hal_spi.o
 .debug_abbrev  0x0000000000001f7c      0x25e ./Drivers/STM32F7xx_HAL_Driver/Src/stm32f7xx_hal_tim.o
 .debug_abbrev  0x00000000000021da      0x266 ./Drivers/STM32F7xx_HAL_Driver/Src/stm32f7xx_hal_tim_ex.o
 .debug_abbrev  0x0000000000002440      0x2b3 ./Drivers/STM32F7xx_HAL_Driver/Src/stm32f7xx_hal_uart.o
 .debug_abbrev  0x00000000000026f3      0x289 ./Drivers/STM32F7xx_HAL_Driver/Src/stm32f7xx_ll_usb.o
 .debug_abbrev  0x000000000000297c      0x2fe ./Middlewares/ST/STM32_USB_Device_Library/Class/CDC/Src/usbd_cdc.o
 .debug_abbrev  0x0000000000002c7a      0x2b7 ./Middlewares/ST/STM32_USB_Device_Library/Core/Src/usbd_core.o
 .debug_abbrev  0x0000000000002f31      0x2fc ./Middlewares/ST/STM32_USB_Device_Library/Core/Src/usbd_ctlreq.o
 .debug_abbrev  0x000000000000322d      0x22a ./Middlewares/ST/STM32_USB_Device_Library/Core/Src/usbd_ioreq.o
 .debug_abbrev  0x0000000000003457      0x220 ./USB_DEVICE/App/usb_device.o
 .debug_abbrev  0x0000000000003677      0x386 ./USB_DEVICE/App/usbd_cdc_if.o
 .debug_abbrev  0x00000000000039fd      0x2cc ./USB_DEVICE/App/usbd_desc.o
 .debug_abbrev  0x0000000000003cc9      0x317 ./USB_DEVICE/Target/usbd_conf.o

.debug_aranges  0x0000000000000000     0x1680
 .debug_aranges
                0x0000000000000000       0x68 ./Core/Src/main.o
 .debug_aranges
                0x0000000000000068       0x50 ./Core/Src/stm32f7xx_hal_msp.o
 .debug_aranges
                0x00000000000000b8       0x68 ./Core/Src/stm32f7xx_it.o
 .debug_aranges
                0x0000000000000120       0x20 ./Core/Src/sysmem.o
 .debug_aranges
                0x0000000000000140       0x28 ./Core/Src/system_stm32f7xx.o
 .debug_aranges
                0x0000000000000168       0x28 ./Core/Startup/startup_stm32f722zetx.o
 .debug_aranges
                0x0000000000000190      0x100 ./Drivers/STM32F7xx_HAL_Driver/Src/stm32f7xx_hal.o
 .debug_aranges
                0x0000000000000290      0x118 ./Drivers/STM32F7xx_HAL_Driver/Src/stm32f7xx_hal_cortex.o
 .debug_aranges
                0x00000000000003a8       0x58 ./Drivers/STM32F7xx_HAL_Driver/Src/stm32f7xx_hal_gpio.o
 .debug_aranges
                0x0000000000000400      0x140 ./Drivers/STM32F7xx_HAL_Driver/Src/stm32f7xx_hal_pcd.o
 .debug_aranges
                0x0000000000000540       0x48 ./Drivers/STM32F7xx_HAL_Driver/Src/stm32f7xx_hal_pcd_ex.o
 .debug_aranges
                0x0000000000000588       0xa0 ./Drivers/STM32F7xx_HAL_Driver/Src/stm32f7xx_hal_pwr.o
 .debug_aranges
                0x0000000000000628       0x80 ./Drivers/STM32F7xx_HAL_Driver/Src/stm32f7xx_hal_pwr_ex.o
 .debug_aranges
                0x00000000000006a8       0x88 ./Drivers/STM32F7xx_HAL_Driver/Src/stm32f7xx_hal_rcc.o
 .debug_aranges
                0x0000000000000730       0x50 ./Drivers/STM32F7xx_HAL_Driver/Src/stm32f7xx_hal_rcc_ex.o
 .debug_aranges
                0x0000000000000780      0x1d8 ./Drivers/STM32F7xx_HAL_Driver/Src/stm32f7xx_hal_spi.o
 .debug_aranges
                0x0000000000000958      0x3e0 ./Drivers/STM32F7xx_HAL_Driver/Src/stm32f7xx_hal_tim.o
 .debug_aranges
                0x0000000000000d38      0x178 ./Drivers/STM32F7xx_HAL_Driver/Src/stm32f7xx_hal_tim_ex.o
 .debug_aranges
                0x0000000000000eb0      0x228 ./Drivers/STM32F7xx_HAL_Driver/Src/stm32f7xx_hal_uart.o
 .debug_aranges
                0x00000000000010d8      0x198 ./Drivers/STM32F7xx_HAL_Driver/Src/stm32f7xx_ll_usb.o
 .debug_aranges
                0x0000000000001270       0x90 ./Middlewares/ST/STM32_USB_Device_Library/Class/CDC/Src/usbd_cdc.o
 .debug_aranges
                0x0000000000001300       0xb8 ./Middlewares/ST/STM32_USB_Device_Library/Core/Src/usbd_core.o
 .debug_aranges
                0x00000000000013b8       0x90 ./Middlewares/ST/STM32_USB_Device_Library/Core/Src/usbd_ctlreq.o
 .debug_aranges
                0x0000000000001448       0x50 ./Middlewares/ST/STM32_USB_Device_Library/Core/Src/usbd_ioreq.o