main.c:81:6:DDS_Serial_Init	16	static
main.c:94:6:DDS_Serial_Write	120	static
main.c:154:6:CDC_start_check	32	static
main.c:176:6:freq_modulation_sine	16	static
main.c:185:5:main	8	static
main.c:249:6:SystemClock_Config	216	static
main.c:310:13:MX_SPI1_Init	8	static
main.c:350:13:MX_TIM2_Init	40	static
main.c:395:13:MX_TIM6_Init	24	static
main.c:433:13:MX_USART3_UART_Init	8	static
main.c:468:13:MX_GPIO_Init	64	static
main.c:545:6:HAL_TIM_PeriodElapsedCallback	16	static
main.c:559:6:HAL_TIM_OC_DelayElapsedCallback	16	static
main.c:569:6:Error_Handler	4	static,ignoring_inline_asm
